******************************************************************************
                  TI ARM Linker Unix v18.12.2                  
******************************************************************************
>> Linked Fri Nov 29 06:39:22 2019

OUTPUT FILE NAME:   <2104Project.out>
ENTRY POINT SYMBOL: "_c_int00"  address: 00007419


MEMORY CONFIGURATION

         name            origin    length      used     unused   attr    fill
----------------------  --------  ---------  --------  --------  ----  --------
  MAIN                  00000000   00040000  0000a7d0  00035830  R  X
  INFO                  00200000   00004000  00000000  00004000  R  X
  SRAM_CODE             01000000   00010000  00009679  00006987  RW X
  SRAM_DATA             20000000   00010000  00009679  00006987  RW  


SEGMENT ALLOCATION MAP

run origin  load origin   length   init length attrs members
----------  ----------- ---------- ----------- ----- -------
00000000    00000000    0000a7d8   0000a7d8    r-x
  00000000    00000000    0000003c   0000003c    r-- .resetVecs
  00000040    00000040    00009d4a   00009d4a    r-x .text
  00009d8c    00009d8c    000007aa   000007aa    r-- .const
  0000a538    0000a538    000002a0   000002a0    r-- .cinit
20000140    20000140    00008000   00000000    r--
  20000140    20000140    00008000   00000000    r-- .priheap
20008140    20008140    0000113c   00000000    rw-
  20008140    20008140    0000094d   00000000    rw- .data
  20008a90    20008a90    000007ec   00000000    rw- .bss
2000fc00    2000fc00    00000400   00000000    rw-
  2000fc00    2000fc00    00000400   00000000    rw- .stack


SECTION ALLOCATION MAP

 output                                  attributes/
section   page    origin      length       input sections
--------  ----  ----------  ----------   ----------------
.text      0    00000040    00009d4a     
                  00000040    00000a4e     rtsv7M4_T_le_v4SPD16_eabi.lib : _printfi.c.obj (.text:__TI_printfi)
                  00000a8e    00000002     ti_drivers_config.obj (.text:Board_initHook)
                  00000a90    00000338     MPUThread.obj (.text:mpuFxn)
                  00000dc8    000002f8     drivers_msp432p401x.aem4f : PowerMSP432.oem4f (.text:Power_sleep)
                  000010c0    000002d0                               : UARTMSP432.oem4f (.text:UARTMSP432_open)
                  00001390    0000028a     msp432p4xx_driverlib.lib : pcm.o (.text:__PCM_setPowerStateAdvanced)
                  0000161a    00000002     drivers_msp432p401x.aem4f : I2CMSP432.oem4f (.text:I2CMSP432_init)
                  0000161c    00000288                               : PowerMSP432.oem4f (.text:initPerfControl)
                  000018a4    00000270     rtsv7M4_T_le_v4SPD16_eabi.lib : _printfi.c.obj (.text:_pconv_a)
                  00001b14    00000208     drivers_msp432p401x.aem4f : PWMTimerMSP432.oem4f (.text:PWMTimerMSP432_open)
                  00001d1c    000001f8                               : I2CMSP432.oem4f (.text:I2CMSP432_open)
                  00001f14    000001f0     VibrationMotor.obj (.text:VibrateFxn)
                  00002104    000001d0     rtsv7M4_T_le_v4SPD16_eabi.lib : _printfi.c.obj (.text:_pconv_g)
                  000022d4    000001b6                                   : fd_add_t2.asm.obj (.text)
                  0000248a    00000184     drivers_msp432p401x.aem4f : I2CMSP432.oem4f (.text:I2CMSP432_hwiIntFxn)
                  0000260e    00000002                               : PWMTimerMSP432.oem4f (.text:PWMTimerMSP432_init)
                  00002610    00000170                               : GPIOMSP432.oem4f (.text:GPIO_setConfig)
                  00002780    0000015c     msp432p4xx_driverlib.lib : pcm.o (.text:__PCM_setPowerModeAdvanced)
                  000028dc    0000014c     MPUThread2.obj (.text:BlinkFxn2)
                  00002a28    0000013c     rtsv7M4_T_le_v4SPD16_eabi.lib : _printfi.c.obj (.text:_pconv_e)
                  00002b64    00000136                                   : fd_div_t2.asm.obj (.text)
                  00002c9a    00000006     drivers_msp432p401x.aem4f : I2CMSP432.oem4f (.text:I2CMSP432_control)
                  00002ca0    00000130     sysbios.aem4f : BIOS.obj (.text:ti_sysbios_knl_Semaphore_pend__E)
                  00002dd0    00000124     rtsv7M4_T_le_v4SPD16_eabi.lib : _printfi.c.obj (.text:fcvt)
                  00002ef4    0000011c     msp432p4xx_driverlib.lib : uart.o (.text:UART_initModule)
                  00003010    0000011c     drivers_msp432p401x.aem4f : I2CMSP432.oem4f (.text:primeTransfer)
                  0000312c    00000114                               : PWMTimerMSP432.oem4f (.text:PWMTimerMSP432_setPeriod)
                  00003240    00000114     rtsv7M4_T_le_v4SPD16_eabi.lib : fputs.c.obj (.text:fputs)
                  00003354    00000110     UARTThread.obj (.text:SetUpdateFxn)
                  00003464    00000110     rtsv7M4_T_le_v4SPD16_eabi.lib : s_scalbn.c.obj (.text:scalbn)
                  00003574    00000108     msp432p4xx_driverlib.lib : pcm.o (.text:__PCM_setCoreVoltageLevelAdvanced)
                  0000367c    00000004                              : cpu.o (.text:CPU_wfi)
                  00003680    00000108     sysbios.aem4f : BIOS.obj (.text:ti_sysbios_knl_Task_postInit__I)
                  00003788    00000108                   : BIOS.obj (.text:xdc_runtime_Startup_startMods__I)
                  00003890    00000104                   : BIOS.obj (.text:ti_sysbios_knl_Task_Instance_finalize__E)
                  00003994    00000100     main_tirtos.obj (.text:main)
                  00003a94    000000fc     rtsv7M4_T_le_v4SPD16_eabi.lib : fd_mul_t2.asm.obj (.text)
                  00003b90    000000f8     sysbios.aem4f : BIOS.obj (.text:ti_sysbios_family_arm_msp432_init_Boot_configureClocksHigh)
                  00003c88    000000f0     drivers_msp432p401x.aem4f : I2CMSP432.oem4f (.text:I2CMSP432_transfer)
                  00003d78    000000f0     sysbios.aem4f : BIOS.obj (.text:pthread_create)
                  00003e68    000000f0                   : m3_Hwi_asm.obj (.text:ti_sysbios_family_arm_m3_Hwi_dispatch__I)
                  00003f58    000000e4     msp432p4xx_driverlib.lib : cs.o (.text:CS_startHFXTWithTimeout)
                  0000403c    00000004     dpl_msp432p401x.aem4f : ClockP_tirtos.oem4f (.text:ClockP_setTimeout)
                  00004040    000000e4     sysbios.aem4f : BIOS.obj (.text:ti_sysbios_knl_Task_Instance_init__E)
                  00004124    000000e0     msp432p4xx_driverlib.lib : cs.o (.text:CS_startLFXTWithTimeout)
                  00004204    000000dc     drivers_msp432p401x.aem4f : UARTMSP432.oem4f (.text:UARTMSP432_readPolling)
                  000042e0    000000dc     msp432p4xx_driverlib.lib : cs.o (.text:_CSGetHFXTFrequency)
                  000043bc    000000dc     rtsv7M4_T_le_v4SPD16_eabi.lib : setvbuf.c.obj (.text:setvbuf)
                  00004498    000000d0     sysbios.aem4f : BIOS.obj (.text:ti_sysbios_heaps_HeapMem_alloc__E)
                  00004568    000000c0     drivers_msp432p401x.aem4f : UARTMSP432.oem4f (.text:UARTMSP432_hwiIntFxn)
                  00004628    000000c0     UARTThread.obj (.text:uartThread)
                  000046e8    000000b8     drivers_msp432p401x.aem4f : UARTMSP432.oem4f (.text:initHw)
                  000047a0    000000b8                               : UARTMSP432.oem4f (.text:readTaskCallback)
                  00004858    000000b8     sysbios.aem4f : BIOS.obj (.text:ti_sysbios_family_arm_m3_Hwi_Instance_init__E)
                  00004910    000000b4     drivers_msp432p401x.aem4f : UARTMSP432.oem4f (.text:UARTMSP432_control)
                  000049c4    000000b4                               : UARTMSP432.oem4f (.text:UARTMSP432_writePolling)
                  00004a78    000000b1     rtsv7M4_T_le_v4SPD16_eabi.lib : _printfi.c.obj (.text:_ltostr)
                  00004b29    00000001     --HOLE-- [fill = 0]
                  00004b2a    00000002     dpl_msp432p401x.aem4f : PowerMSP432_tirtos.oem4f (.text:PowerMSP432_initPolicy)
                  00004b2c    000000b0     MPUThread.obj (.text:MPUinit)
                  00004bdc    000000b0     VibrationMotor.obj (.text:motorThread)
                  00004c8c    000000ac     drivers_msp432p401x.aem4f : GPIOMSP432.oem4f (.text:GPIO_init)
                  00004d38    000000ac                               : I2CMSP432.oem4f (.text:I2CMSP432_cancel)
                  00004de4    000000a8     MPUThread2.obj (.text:MPUinit2)
                  00004e8c    000000a8     drivers_msp432p401x.aem4f : UARTMSP432.oem4f (.text:readTaskBlocking)
                  00004f34    00000004     dpl_msp432p401x.aem4f : ClockP_tirtos.oem4f (.text:ClockP_start)
                  00004f38    000000a8     sysbios.aem4f : BIOS.obj (.text:ti_sysbios_family_arm_msp432_Timer_periodicStub__E)
                  00004fe0    000000a6                   : BIOS.obj (.text:xdc_runtime_Core_createObject__I)
                  00005086    00000002     drivers_msp432p401x.aem4f : UARTMSP432.oem4f (.text:UARTMSP432_init)
                  00005088    000000a4                               : PWMTimerMSP432.oem4f (.text:PWMTimerMSP432_stop)
                  0000512c    00000004     dpl_msp432p401x.aem4f : ClockP_tirtos.oem4f (.text:ClockP_stop)
                  00005130    000000a4     sysbios.aem4f : BIOS.obj (.text:ti_sysbios_knl_Task_setPri__E)
                  000051d4    000000a0     drivers_msp432p401x.aem4f : UARTMSP432.oem4f (.text:UARTMSP432_write)
                  00005274    000000a0     auto_init.aem4f : auto_init.oem4f (.text)
                  00005314    000000a0     drivers_msp432p401x.aem4f : UARTMSP432.oem4f (.text:readIsrTextCallback)
                  000053b4    0000009c                               : PowerMSP432.oem4f (.text:Power_init)
                  00005450    0000009c     rtsv7M4_T_le_v4SPD16_eabi.lib : memcpy_t2.asm.obj (.text)
                  000054ec    00000096                                   : ull_div_t2.asm.obj (.text)
                  00005582    00000002                                   : _lock.c.obj (.text:_nop)
                  00005584    00000094     drivers_msp432p401x.aem4f : PWMTimerMSP432.oem4f (.text:PWMTimerMSP432_setDuty)
                  00005618    00000094     sysbios.aem4f : BIOS.obj (.text:_pthread_removeThreadKeys)
                  000056ac    00000004     dpl_msp432p401x.aem4f : HwiP_tirtos.oem4f (.text:HwiP_disable)
                  000056b0    00000094     sysbios.aem4f : BIOS.obj (.text:ti_sysbios_family_arm_m3_Hwi_initNVIC__E)
                  00005744    00000004     dpl_msp432p401x.aem4f : SemaphoreP_tirtos.oem4f (.text:SemaphoreP_post)
                  00005748    00000094     sysbios.aem4f : BIOS.obj (.text:ti_sysbios_knl_Task_exit__E)
                  000057dc    00000092     drivers_msp432p401x.aem4f : UARTMSP432.oem4f (.text:UARTMSP432_close)
                  0000586e    00000092                               : UARTMSP432.oem4f (.text:writeData)
                  00005900    00000090     sysbios.aem4f : BIOS.obj (.text:ti_sysbios_knl_Task_Module_startup__E)
                  00005990    0000008c     rtsv7M4_T_le_v4SPD16_eabi.lib : fputc.c.obj (.text:fputc)
                  00005a1c    0000008c     drivers_msp432p401x.aem4f : UARTMSP432.oem4f (.text:readIsrTextBlocking)
                  00005aa8    0000008c     sysbios.aem4f : m3_TaskSupport_asm.obj (.text:ti_sysbios_family_arm_m3_TaskSupport_buildTaskStack)
                  00005b34    00000004     rtsv7M4_T_le_v4SPD16_eabi.lib : printf.c.obj (.text:_outc)
                  00005b38    0000008c     sysbios.aem4f : BIOS.obj (.text:xdc_runtime_Memory_alloc__E)
                  00005bc4    00000088     drivers_msp432p401x.aem4f : PWMTimerMSP432.oem4f (.text:PWMTimerMSP432_close)
                  00005c4c    00000086     rtsv7M4_T_le_v4SPD16_eabi.lib : fd_cmp_t2.asm.obj (.text:__aeabi_cdcmple)
                  00005cd2    00000086                                   : fd_cmp_t2.asm.obj (.text:__aeabi_cdrcmple)
                  00005d58    00000086     sysbios.aem4f : BIOS.obj (.text:xdc_runtime_Core_constructObject__I)
                  00005dde    00000002     rtsv7M4_T_le_v4SPD16_eabi.lib : div0.asm.obj (.text)
                  00005de0    00000084     msp432p4xx_driverlib.lib : pcm.o (.text:PCM_gotoLPM3)
                  00005e64    00000084     drivers_msp432p401x.aem4f : PWMTimerMSP432.oem4f (.text:PWMTimerMSP432_start)
                  00005ee8    00000084                               : PowerMSP432.oem4f (.text:restartHFXT)
                  00005f6c    00000004     rtsv7M4_T_le_v4SPD16_eabi.lib : printf.c.obj (.text:_outs)
                  00005f70    00000084     sysbios.aem4f : BIOS.obj (.text:ti_sysbios_family_arm_m3_Hwi_postInit__I)
                  00005ff4    00000004     release_pem4f.oem4f (.text:ti_sysbios_BIOS_RtsGateProxy_enter__E)
                  00005ff8    00000084     sysbios.aem4f : BIOS.obj (.text:ti_sysbios_heaps_HeapMem_free__E)
                  0000607c    00000004     release_pem4f.oem4f (.text:ti_sysbios_BIOS_RtsGateProxy_leave__E)
                  00006080    00000080     sysbios.aem4f : BIOS.obj (.text:ti_sysbios_knl_Clock_workFunc__E)
                  00006100    0000007c     MPUThread2.obj (.text:i2cWrite2)
                  0000617c    0000007c     MPUThread.obj (.text:i2cWrite)
                  000061f8    0000007c     drivers_msp432p401x.aem4f : PWMTimerMSP432.oem4f (.text:setConstraints)
                  00006274    0000007a     rtsv7M4_T_le_v4SPD16_eabi.lib : memset_t2.asm.obj (.text)
                  000062ee    00000002     release_pem4f.oem4f (.text:ti_sysbios_BIOS_nullFunc__I)
                  000062f0    00000078     drivers_msp432p401x.aem4f : TimerMSP432.oem4f (.text:TimerMSP432_allocateTimerResource)
                  00006368    00000076                               : I2CMSP432.oem4f (.text:I2CMSP432_close)
                  000063de    00000002     --HOLE-- [fill = 0]
                  000063e0    00000074     rtsv7M4_T_le_v4SPD16_eabi.lib : fclose.c.obj (.text:__TI_closefile)
                  00006454    00000074     MPUThread2.obj (.text:i2cRead2)
                  000064c8    00000074     MPUThread.obj (.text:i2cRead)
                  0000653c    00000004     release_pem4f.oem4f (.text:ti_sysbios_family_arm_m3_Hwi_delete)
                  00006540    00000070     sysbios.aem4f : BIOS.obj (.text:ti_sysbios_heaps_HeapMem_initPrimary__I)
                  000065b0    0000006e     rtsv7M4_T_le_v4SPD16_eabi.lib : _printfi.c.obj (.text:_mcpy)
                  0000661e    00000002     --HOLE-- [fill = 0]
                  00006620    0000006c     msp432p4xx_driverlib.lib : i2c.o (.text:I2C_masterSendMultiByteFinish)
                  0000668c    0000006c     MPUThread2.obj (.text:mpuThread2)
                  000066f8    0000006c     MPUThread.obj (.text:mpuThread)
                  00006764    00000004     release_pem4f.oem4f (.text:ti_sysbios_family_arm_m3_TaskSupport_Module__startupDone__S)
                  00006768    0000006c     sysbios.aem4f : BIOS.obj (.text:ti_sysbios_knl_Swi_restoreHwi__E)
                  000067d4    0000006a     drivers_msp432p401x.aem4f : PWMTimerMSP432.oem4f (.text:perfChangeNotifyFxn)
                  0000683e    00000002     --HOLE-- [fill = 0]
                  00006840    00000068                               : GPIOMSP432.oem4f (.text:GPIO_hwiIntFxn)
                  000068a8    00000068     rtsv7M4_T_le_v4SPD16_eabi.lib : hostlseek.c.obj (.text:HOSTlseek)
                  00006910    00000068                                   : hostrename.c.obj (.text:HOSTrename)
                  00006978    00000068     drivers_msp432p401x.aem4f : PowerMSP432.oem4f (.text:PowerMSP432_getFreqs)
                  000069e0    00000068                               : UARTMSP432.oem4f (.text:UARTMSP432_writeCancel)
                  00006a48    00000068     rtsv7M4_T_le_v4SPD16_eabi.lib : copy_decompress_lzss.c.obj (.text:decompress:lzss:__TI_decompress_lzss)
                  00006ab0    00000068     drivers_msp432p401x.aem4f : I2CMSP432.oem4f (.text:initHw)
                  00006b18    00000068                               : PWMTimerMSP432.oem4f (.text:initHw)
                  00006b80    00000068     rtsv7M4_T_le_v4SPD16_eabi.lib : printf.c.obj (.text:printf)
                  00006be8    00000066     sysbios.aem4f : BIOS.obj (.text:xdc_runtime_Core_deleteObject__I)
                  00006c4e    00000002     --HOLE-- [fill = 0]
                  00006c50    00000064     rtsv7M4_T_le_v4SPD16_eabi.lib : s_frexp.c.obj (.text:frexp)
                  00006cb4    00000064                                   : fseek.c.obj (.text:fseek)
                  00006d18    00000064     sysbios.aem4f : BIOS.obj (.text:pthread_exit)
                  00006d7c    00000004     release_pem4f.oem4f (.text:ti_sysbios_heaps_HeapMem_Module_GateProxy_enter__E)
                  00006d80    00000064     sysbios.aem4f : BIOS.obj (.text:ti_sysbios_family_arm_m3_Hwi_dispatchC__I)
                  00006de4    00000062     rtsv7M4_T_le_v4SPD16_eabi.lib : _io_perm.c.obj (.text:__TI_wrt_ok)
                  00006e46    00000002     --HOLE-- [fill = 0]
                  00006e48    00000060     drivers_msp432p401x.aem4f : GPIOMSP432.oem4f (.text:GPIO_setCallback)
                  00006ea8    00000060     rtsv7M4_T_le_v4SPD16_eabi.lib : hostopen.c.obj (.text:HOSTopen)
                  00006f08    00000060     sysbios.aem4f : BIOS.obj (.text:ti_sysbios_knl_Semaphore_post__E)
                  00006f68    00000060                   : BIOS.obj (.text:ti_sysbios_knl_Swi_run__I)
                  00006fc8    0000005e     msp432p4xx_driverlib.lib : pcm.o (.text:PCM_getCoreVoltageLevel)
                  00007026    00000002     --HOLE-- [fill = 0]
                  00007028    0000005c     rtsv7M4_T_le_v4SPD16_eabi.lib : close.c.obj (.text:close)
                  00007084    0000005c     MPUThread2.obj (.text:get3Axis2)
                  000070e0    0000005c     MPUThread.obj (.text:get3Axis)
                  0000713c    00000004     release_pem4f.oem4f (.text:ti_sysbios_heaps_HeapMem_Module_GateProxy_leave__E)
                  00007140    0000005c     sysbios.aem4f : BIOS.obj (.text:ti_sysbios_knl_Swi_schedule__I)
                  0000719c    00000004     release_pem4f.oem4f (.text:ti_sysbios_knl_Clock_TimerProxy_getMaxTicks__E)
                  000071a0    0000005c     sysbios.aem4f : BIOS.obj (.text:ti_sysbios_knl_Task_startCore__E)
                  000071fc    00000004     release_pem4f.oem4f (.text:ti_sysbios_knl_Clock_delete)
                  00007200    0000005c     sysbios.aem4f : BIOS.obj (.text:xdc_runtime_Startup_exec__E)
                  0000725c    0000005a     msp432p4xx_driverlib.lib : pcm.o (.text:PCM_getPowerMode)
                  000072b6    00000002     --HOLE-- [fill = 0]
                  000072b8    00000058     drivers_msp432p401x.aem4f : GPIOMSP432.oem4f (.text:GPIO_write)
                  00007310    00000058     rtsv7M4_T_le_v4SPD16_eabi.lib : hostread.c.obj (.text:HOSTread)
                  00007368    00000058                                   : hostwrite.c.obj (.text:HOSTwrite)
                  000073c0    00000058     UARTThread.obj (.text:RepUpdateFxn)
                  00007418    00000058     boot.aem4f : boot.oem4f (.text)
                  00007470    00000058     drivers_msp432p401x.aem4f : UARTMSP432.oem4f (.text:readIsrBinaryBlocking)
                  000074c8    00000058     sysbios.aem4f : m3_Hwi_asm_switch.obj (.text:ti_sysbios_family_arm_m3_Hwi_initStacks__E)
                  00007520    00000056     rtsv7M4_T_le_v4SPD16_eabi.lib : _printfi.c.obj (.text:_pconv_f)
                  00007576    00000056     drivers_msp432p401x.aem4f : I2CMSP432.oem4f (.text:completeTransfer)
                  000075cc    00000054     msp432p4xx_driverlib.lib : pcm.o (.text:PCM_shutdownDevice)
                  00007620    00000054     drivers_msp432p401x.aem4f : TimerMSP432.oem4f (.text:TimerMSP432_freeTimerResource)
                  00007674    00000054     rtsv7M4_T_le_v4SPD16_eabi.lib : ltoa.c.obj (.text:ltoa)
                  000076c8    00000054     release_pem4f.oem4f (.text:ti_sysbios_family_arm_m3_Hwi_create)
                  0000771c    00000004     release_pem4f.oem4f (.text:ti_sysbios_knl_Semaphore_delete)
                  00007720    00000054     sysbios.aem4f : BIOS.obj (.text:ti_sysbios_family_arm_msp432_Timer_initDevice__I)
                  00007774    00000004     release_pem4f.oem4f (.text:ti_sysbios_knl_Task_delete)
                  00007778    00000054     sysbios.aem4f : BIOS.obj (.text:xdc_runtime_Core_assignLabel__I)
                  000077cc    00000052     rtsv7M4_T_le_v4SPD16_eabi.lib : _printfi.c.obj (.text:_ecpy)
                  0000781e    00000002     --HOLE-- [fill = 0]
                  00007820    00000050     dpl_msp432p401x.aem4f : ClockP_tirtos.oem4f (.text:ClockP_create)
                  00007870    00000050     sysbios.aem4f : BIOS.obj (.text:ti_sysbios_family_arm_m3_Hwi_Module_startup__E)
                  000078c0    00000050     release_pem4f.oem4f (.text:ti_sysbios_knl_Task_create)
                  00007910    0000004c     dpl_msp432p401x.aem4f : PowerMSP432_tirtos.oem4f (.text:PowerMSP432_sleepPolicy)
                  0000795c    0000004c     rtsv7M4_T_le_v4SPD16_eabi.lib : fflush.c.obj (.text:__TI_doflush)
                  000079a8    0000004c                                   : atoi.c.obj (.text:atoi)
                  000079f4    0000004c                                   : cpy_tbl.c.obj (.text:copy_in)
                  00007a40    0000004c     drivers_msp432p401x.aem4f : UARTMSP432.oem4f (.text:readIsrBinaryCallback)
                  00007a8c    00000004     release_pem4f.oem4f (.text:xdc_runtime_System_Module_GateProxy_enter__E)
                  00007a90    0000004c     sysbios.aem4f : BIOS.obj (.text:ti_sysbios_family_arm_msp432_Timer_postInit__I)
                  00007adc    00000004     release_pem4f.oem4f (.text:xdc_runtime_System_Module_GateProxy_leave__E)
                  00007ae0    0000004c     sysbios.aem4f : BIOS.obj (.text:ti_sysbios_family_arm_msp432_Timer_start__E)
                  00007b2c    00000004     --HOLE-- [fill = 0]
                  00007b30    0000004c                   : BIOS.obj (.text:ti_sysbios_heaps_HeapMem_getStats__E)
                  00007b7c    00000004     --HOLE-- [fill = 0]
                  00007b80    0000004c                   : BIOS.obj (.text:ti_sysbios_knl_Swi_runLoop__I)
                  00007bcc    00000004     --HOLE-- [fill = 0]
                  00007bd0    0000004c                   : BIOS.obj (.text:ti_sysbios_knl_Task_allBlockedFunction__I)
                  00007c1c    00000004     --HOLE-- [fill = 0]
                  00007c20    0000004c                   : BIOS.obj (.text:ti_sysbios_knl_Task_schedule__I)
                  00007c6c    00000048     drivers_msp432p401x.aem4f : PowerMSP432.oem4f (.text:Power_releaseConstraint)
                  00007cb4    00000048     rtsv7M4_T_le_v4SPD16_eabi.lib : fd_toi_t2.asm.obj (.text)
                  00007cfc    00000004     --HOLE-- [fill = 0]
                  00007d00    00000048     sysbios.aem4f : BIOS.obj (.text:ti_sysbios_family_arm_m3_Hwi_disableInterrupt__E)
                  00007d48    00000048                   : BIOS.obj (.text:ti_sysbios_family_arm_m3_Hwi_enableInterrupt__E)
                  00007d90    00000048                   : BIOS.obj (.text:ti_sysbios_knl_Mailbox_Module_startup__E)
                  00007dd8    00000048                   : BIOS.obj (.text:xdc_runtime_Core_assignParams__I)
                  00007e20    00000046     drivers_msp432p401x.aem4f : RingBuf.oem4f (.text:RingBuf_put)
                  00007e66    00000002     --HOLE-- [fill = 0]
                  00007e68    00000044     rtsv7M4_T_le_v4SPD16_eabi.lib : hostclose.c.obj (.text:HOSTclose)
                  00007eac    00000044                                   : hostunlink.c.obj (.text:HOSTunlink)
                  00007ef0    00000044     drivers_msp432p401x.aem4f : I2C.oem4f (.text:I2C_init)
                  00007f34    00000044                               : PWM.oem4f (.text:PWM_init)
                  00007f78    00000044                               : UART.oem4f (.text:UART_init)
                  00007fbc    00000044     rtsv7M4_T_le_v4SPD16_eabi.lib : getdevice.c.obj (.text:getdevice)
                  00008000    00000044     drivers_msp432p401x.aem4f : I2CMSP432.oem4f (.text:perfChangeNotifyFxn)
                  00008044    00000004     --HOLE-- [fill = 0]
                  00008048    00000044     sysbios.aem4f : BIOS.obj (.text:ti_sysbios_family_arm_m3_Hwi_getStackInfo__E)
                  0000808c    00000004     --HOLE-- [fill = 0]
                  00008090    00000044                   : BIOS.obj (.text:ti_sysbios_knl_Swi_post__E)
                  000080d4    00000040     dpl_msp432p401x.aem4f : HwiP_tirtos.oem4f (.text:HwiP_create)
                  00008114    00000040     drivers_msp432p401x.aem4f : I2C.oem4f (.text:I2C_open)
                  00008154    00000040                               : PWM.oem4f (.text:PWM_open)
                  00008194    00000040                               : RingBuf.oem4f (.text:RingBuf_get)
                  000081d4    00000040                               : UARTMSP432.oem4f (.text:UARTMSP432_read)
                  00008214    00000040                               : UART.oem4f (.text:UART_open)
                  00008254    00000040                               : PWMTimerMSP432.oem4f (.text:getDutyCounts)
                  00008294    00000040                               : PWMTimerMSP432.oem4f (.text:getPeriodCounts)
                  000082d4    00000040                               : UARTMSP432.oem4f (.text:perfChangeNotifyFxn)
                  00008314    00000040     rtsv7M4_T_le_v4SPD16_eabi.lib : sprintf.c.obj (.text:sprintf)
                  00008354    00000004     --HOLE-- [fill = 0]
                  00008358    00000040     sysbios.aem4f : BIOS.obj (.text:ti_sysbios_family_arm_msp432_Timer_Module_startup__E)
                  00008398    00000040                   : BIOS.obj (.text:ti_sysbios_family_arm_msp432_Timer_startup__E)
                  000083d8    00000040                   : BIOS.obj (.text:ti_sysbios_heaps_HeapMem_Instance_init__E)
                  00008418    00000040                   : BIOS.obj (.text:ti_sysbios_knl_Clock_Instance_init__E)
                  00008458    0000003e     rtsv7M4_T_le_v4SPD16_eabi.lib : _printfi.c.obj (.text:_fcpy)
                  00008496    00000002     --HOLE-- [fill = 0]
                  00008498    0000003c     dpl_msp432p401x.aem4f : SemaphoreP_tirtos.oem4f (.text:SemaphoreP_create)
                  000084d4    0000003c     UARTThread.obj (.text:delayM)
                  00008510    0000003c     sysbios.aem4f : BIOS.obj (.text:ti_sysbios_family_arm_m3_Hwi_Instance_finalize__E)
                  0000854c    00000004     --HOLE-- [fill = 0]
                  00008550    0000003c                   : BIOS.obj (.text:ti_sysbios_family_arm_msp432_Seconds_Module_startup__E)
                  0000858c    0000003c     release_pem4f.oem4f (.text:ti_sysbios_knl_Clock_create)
                  000085c8    0000003c     sysbios.aem4f : BIOS.obj (.text:ti_sysbios_knl_Swi_restore__E)
                  00008604    00000038     drivers_msp432p401x.aem4f : PowerMSP432.oem4f (.text:Power_setConstraint)
                  0000863c    00000038     rtsv7M4_T_le_v4SPD16_eabi.lib : trgmsg.c.obj (.text:__TI_writemsg)
                  00008674    00000038     drivers_msp432p401x.aem4f : PowerMSP432.oem4f (.text:notify)
                  000086ac    00000004     --HOLE-- [fill = 0]
                  000086b0    00000038     sysbios.aem4f : BIOS.obj (.text:xdc_runtime_System_atexit__E)
                  000086e8    00000036     drivers_msp432p401x.aem4f : UARTMSP432.oem4f (.text:UARTMSP432_readCancel)
                  0000871e    00000036     rtsv7M4_T_le_v4SPD16_eabi.lib : strncpy.c.obj (.text:strncpy)
                  00008754    00000034                                   : fopen.c.obj (.text:__TI_cleanup)
                  00008788    00000034                                   : trgmsg.c.obj (.text:__TI_readmsg)
                  000087bc    00000034     release_pem4f.oem4f (.text:ti_sysbios_knl_Semaphore_create)
                  000087f0    00000032     sysbios.aem4f : BIOS.obj (.text:ti_sysbios_hal_Hwi_initStack)
                  00008822    00000002     --HOLE-- [fill = 0]
                  00008824    00000030     rtsv7M4_T_le_v4SPD16_eabi.lib : getdevice.c.obj (.text:finddevice)
                  00008854    00000030     drivers_msp432p401x.aem4f : I2CMSP432.oem4f (.text:mapPin)
                  00008884    00000030                               : PWMTimerMSP432.oem4f (.text:mapPin)
                  000088b4    00000030                               : UARTMSP432.oem4f (.text:mapPin)
                  000088e4    00000030     release_pem4f.oem4f (.text:ti_sysbios_BIOS_atExitFunc__I)
                  00008914    00000030     release_pem4f.oem4f (.text:ti_sysbios_BIOS_startFunc__I)
                  00008944    00000004     --HOLE-- [fill = 0]
                  00008948    00000030     sysbios.aem4f : BIOS.obj (.text:ti_sysbios_family_arm_m3_TaskSupport_start__E)
                  00008978    00000030     release_pem4f.oem4f (.text:ti_sysbios_gates_GateHwi_Object__create__S)
                  000089a8    00000030     release_pem4f.oem4f (.text:ti_sysbios_gates_GateMutex_Object__create__S)
                  000089d8    00000030     sysbios.aem4f : BIOS.obj (.text:ti_sysbios_gates_GateMutex_enter__E)
                  00008a08    00000030     release_pem4f.oem4f (.text:ti_sysbios_heaps_HeapMem_Object__create__S)
                  00008a38    00000030     sysbios.aem4f : BIOS.obj (.text:ti_sysbios_knl_Mailbox_postInit__I)
                  00008a68    00000030     release_pem4f.oem4f (.text:ti_sysbios_knl_Semaphore_construct)
                  00008a98    00000030     sysbios.aem4f : BIOS.obj (.text:ti_sysbios_knl_Semaphore_pendTimeout__I)
                  00008ac8    00000030                   : BIOS.obj (.text:ti_sysbios_knl_Task_processVitalTaskFlag__I)
                  00008af8    00000030                   : BIOS.obj (.text:ti_sysbios_knl_Task_restore__E)
                  00008b28    00000030                   : BIOS.obj (.text:ti_sysbios_knl_Task_unblockI__E)
                  00008b58    00000030                   : BIOS.obj (.text:xdc_runtime_System_processAtExit__E)
                  00008b88    0000002e     rtsv7M4_T_le_v4SPD16_eabi.lib : i_tofd_t2.asm.obj (.text)
                  00008bb6    0000002e     release_pem4f.oem4f (.text:ti_sysbios_rts_MemAlloc_alloc)
                  00008be4    0000002c     dpl_msp432p401x.aem4f : PowerMSP432_tirtos.oem4f (.text:PowerMSP432_updateFreqs)
                  00008c10    0000002c     msp432p4xx_driverlib.lib : rtc_c.o (.text:RTC_C_holdClock)
                  00008c3c    0000002c     dpl_msp432p401x.aem4f : SemaphoreP_tirtos.oem4f (.text:SemaphoreP_createBinary)
                  00008c68    0000002c     sysbios.aem4f : BIOS.obj (.text:_pthread_cleanupFxn)
                  00008c94    00000004     --HOLE-- [fill = 0]
                  00008c98    0000002c                   : BIOS.obj (.text:_pthread_delete$43)
                  00008cc4    0000002c     release_pem4f.oem4f (.text:ti_sysbios_knl_Clock_doTick__I)
                  00008cf0    0000002c     release_pem4f.oem4f (.text:ti_sysbios_knl_Queue_construct)
                  00008d1c    0000002c     rtsv7M4_T_le_v4SPD16_eabi.lib : unlink.c.obj (.text:unlink)
                  00008d48    0000002a     sysbios.aem4f : BIOS.obj (.text:sem_init)
                  00008d72    00000002     --HOLE-- [fill = 0]
                  00008d74    00000028     msp432p4xx_driverlib.lib : pcm.o (.text:PCM_gotoLPM0)
                  00008d9c    00000028     drivers_msp432p401x.aem4f : PowerMSP432.oem4f (.text:Power_registerNotify)
                  00008dc4    00000028                               : PowerMSP432.oem4f (.text:disableFaultCounter)
                  00008dec    00000028                               : PowerMSP432.oem4f (.text:disableHFXT)
                  00008e14    00000028                               : UARTMSP432.oem4f (.text:findBaudDividerIndex)
                  00008e3c    00000028     rtsv7M4_T_le_v4SPD16_eabi.lib : lseek.c.obj (.text:lseek)
                  00008e64    00000028     sysbios.aem4f : m3_Hwi_asm.obj (.text:ti_sysbios_family_arm_m3_Hwi_excHandlerAsm__I)
                  00008e8c    00000004     --HOLE-- [fill = 0]
                  00008e90    00000028                   : BIOS.obj (.text:ti_sysbios_knl_Clock_addI__E)
                  00008eb8    00000028                   : BIOS.obj (.text:ti_sysbios_knl_Swi_Module_startup__E)
                  00008ee0    00000028     rtsv7M4_T_le_v4SPD16_eabi.lib : write.c.obj (.text:write)
                  00008f08    00000026     drivers_msp432p401x.aem4f : List.oem4f (.text:List_put)
                  00008f2e    00000026                               : List.oem4f (.text:List_remove)
                  00008f54    00000026                               : PWMTimerMSP432.oem4f (.text:releaseConstraints)
                  00008f7a    00000026     sysbios.aem4f : m3_Hwi_asm.obj (.text:ti_sysbios_family_arm_m3_Hwi_pendSV__I)
                  00008fa0    00000024     msp432p4xx_driverlib.lib : wdt_a.o (.text:WDT_A_holdTimer)
                  00008fc4    00000004     --HOLE-- [fill = 0]
                  00008fc8    00000024     sysbios.aem4f : BIOS.obj (.text:pthread_attr_init)
                  00008fec    00000024     MPUThread2.obj (.text:setRegister2)
                  00009010    00000024     MPUThread.obj (.text:setRegister)
                  00009034    00000024     release_pem4f.oem4f (.text:ti_sysbios_BIOS_registerRTSLock__I)
                  00009058    00000024     release_pem4f.oem4f (.text:ti_sysbios_BIOS_removeRTSLock__I)
                  0000907c    00000004     --HOLE-- [fill = 0]
                  00009080    00000024     sysbios.aem4f : BIOS.obj (.text:ti_sysbios_family_arm_msp432_ClockFreqs_setFrequency__E)
                  000090a4    00000024     release_pem4f.oem4f (.text:ti_sysbios_gates_GateMutex_Object__delete__S)
                  000090c8    00000024     sysbios.aem4f : BIOS.obj (.text:ti_sysbios_knl_Clock_Module_startup__E)
                  000090ec    00000024     release_pem4f.oem4f (.text:ti_sysbios_knl_Clock_Object__delete__S)
                  00009110    00000024     sysbios.aem4f : BIOS.obj (.text:ti_sysbios_knl_Clock_start__E)
                  00009134    00000004     --HOLE-- [fill = 0]
                  00009138    00000024                   : BIOS.obj (.text:ti_sysbios_knl_Semaphore_Instance_init__E)
                  0000915c    00000024     release_pem4f.oem4f (.text:ti_sysbios_knl_Semaphore_Object__delete__S)
                  00009180    00000024     sysbios.aem4f : BIOS.obj (.text:ti_sysbios_knl_Task_restoreHwi__E)
                  000091a4    00000004     --HOLE-- [fill = 0]
                  000091a8    00000024                   : BIOS.obj (.text:xdc_runtime_Error_policyMin__E)
                  000091cc    00000020     msp432p4xx_driverlib.lib : cs.o (.text:CS_setExternalClockSourceFrequency)
                  000091ec    00000020     drivers_msp432p401x.aem4f : PowerMSP432.oem4f (.text:Power_unregisterNotify)
                  0000920c    00000020                               : RingBuf.oem4f (.text:RingBuf_peek)
                  0000922c    00000020     MPUThread2.obj (.text:getRegister2)
                  0000924c    00000020     MPUThread.obj (.text:getRegister)
                  0000926c    00000020     rtsv7M4_T_le_v4SPD16_eabi.lib : memchr.c.obj (.text:memchr)
                  0000928c    00000020     release_pem4f.oem4f (.text:ti_sysbios_BIOS_rtsLock__I)
                  000092ac    00000020     release_pem4f.oem4f (.text:ti_sysbios_family_arm_m3_Hwi_Object__delete__S)
                  000092cc    00000020     release_pem4f.oem4f (.text:ti_sysbios_gates_GateHwi_Object__delete__S)
                  000092ec    00000020     release_pem4f.oem4f (.text:ti_sysbios_heaps_HeapMem_Object__delete__S)
                  0000930c    00000004     --HOLE-- [fill = 0]
                  00009310    00000020     sysbios.aem4f : BIOS.obj (.text:ti_sysbios_knl_Idle_run__E)
                  00009330    00000020     release_pem4f.oem4f (.text:ti_sysbios_knl_Semaphore_destruct)
                  00009350    00000020     release_pem4f.oem4f (.text:ti_sysbios_knl_Task_Object__delete__S)
                  00009370    0000001e     MPUThread.obj (.text:convert8to16)
                  0000938e    0000001e     drivers_msp432p401x.aem4f : PWMTimerMSP432.oem4f (.text:corroboratePeriod)
                  000093ac    0000001e     sysbios.aem4f : m3_Hwi_asm_switch.obj (.text:ti_sysbios_family_xxx_Hwi_switchAndRunFunc)
                  000093ca    0000001c     rtsv7M4_T_le_v4SPD16_eabi.lib : memccpy.c.obj (.text:memccpy)
                  000093e6    00000002     --HOLE-- [fill = 0]
                  000093e8    0000001c     MPUThread.obj (.text:mpu2)
                  00009404    00000004     --HOLE-- [fill = 0]
                  00009408    0000001c     sysbios.aem4f : BIOS.obj (.text:ti_sysbios_family_arm_m3_Hwi_excHandler__I)
                  00009424    00000004     --HOLE-- [fill = 0]
                  00009428    0000001c                   : BIOS.obj (.text:ti_sysbios_gates_GateMutex_Instance_init__E)
                  00009444    00000004     --HOLE-- [fill = 0]
                  00009448    0000001c                   : BIOS.obj (.text:ti_sysbios_knl_Clock_Instance_finalize__E)
                  00009464    0000001c     release_pem4f.oem4f (.text:ti_sysbios_knl_Queue_destruct)
                  00009480    0000001c     sysbios.aem4f : BIOS.obj (.text:ti_sysbios_knl_Queue_put__E)
                  0000949c    00000004     --HOLE-- [fill = 0]
                  000094a0    0000001c                   : BIOS.obj (.text:ti_sysbios_knl_Task_enter__I)
                  000094bc    00000004     --HOLE-- [fill = 0]
                  000094c0    0000001c                   : BIOS.obj (.text:ti_sysbios_rts_ti_ReentSupport_getReent__F)
                  000094dc    0000001c     MPUThread.obj (.text:vibration)
                  000094f8    0000001c     sysbios.aem4f : BIOS.obj (.text:xdc_runtime_Memory_valloc__E)
                  00009514    00000004     --HOLE-- [fill = 0]
                  00009518    0000001c                   : BIOS.obj (.text:xdc_runtime_System_abort__E)
                  00009534    0000001a     rtsv7M4_T_le_v4SPD16_eabi.lib : s_copysign.c.obj (.text:copysign)
                  0000954e    0000001a     release_pem4f.oem4f (.text:free)
                  00009568    00000018     release_pem4f.oem4f (.text:.bootCodeSection:ti_sysbios_family_arm_msp432_init_Boot_init__I)
                  00009580    00000018     drivers_msp432p401x.aem4f : I2C.oem4f (.text:I2C_transfer)
                  00009598    00000018     msp432p4xx_driverlib.lib : sysctl_a.o (.text:SysCtl_A_disableNMISource)
                  000095b0    00000018                              : sysctl_a.o (.text:SysCtl_A_enableNMISource)
                  000095c8    00000018     drivers_msp432p401x.aem4f : UART.oem4f (.text:UART_Params_init)
                  000095e0    00000018     rtsv7M4_T_le_v4SPD16_eabi.lib : args_main.c.obj (.text:_args_main)
                  000095f8    00000018                                   : sprintf.c.obj (.text:_outs)
                  00009610    00000018     drivers_msp432p401x.aem4f : PWMTimerMSP432.oem4f (.text:corroborateDuty)
                  00009628    00000018     rtsv7M4_T_le_v4SPD16_eabi.lib : strcmp.c.obj (.text:strcmp)
                  00009640    00000018     release_pem4f.oem4f (.text:ti_sysbios_BIOS_rtsUnlock__I)
                  00009658    00000018     release_pem4f.oem4f (.text:ti_sysbios_family_arm_m3_Hwi_Module__startupDone__F)
                  00009670    00000018     sysbios.aem4f : m3_TaskSupport_asm.obj (.text:ti_sysbios_family_arm_m3_TaskSupport_swap__E)
                  00009688    00000018     release_pem4f.oem4f (.text:ti_sysbios_family_arm_msp432_Timer_Module__startupDone__F)
                  000096a0    00000018     release_pem4f.oem4f (.text:ti_sysbios_gates_GateHwi_Handle__label__S)
                  000096b8    00000018     release_pem4f.oem4f (.text:ti_sysbios_gates_GateMutex_Handle__label__S)
                  000096d0    00000018     sysbios.aem4f : BIOS.obj (.text:ti_sysbios_gates_GateMutex_leave__E)
                  000096e8    00000018     release_pem4f.oem4f (.text:ti_sysbios_heaps_HeapMem_Handle__label__S)
                  00009700    00000018     release_pem4f.oem4f (.text:ti_sysbios_rts_ti_ReentSupport_getTlsAddr__I)
                  00009718    00000018     sysbios.aem4f : BIOS.obj (.text:xdc_runtime_Error_init__E)
                  00009730    00000018                   : BIOS.obj (.text:xdc_runtime_System_exit__E)
                  00009748    00000016     rtsv7M4_T_le_v4SPD16_eabi.lib : strchr.c.obj (.text:strchr)
                  0000975e    00000016     release_pem4f.oem4f (.text:ti_sysbios_BIOS_exitFunc__I)
                  00009774    00000004     --HOLE-- [fill = 0]
                  00009778    00000016     sysbios.aem4f : BIOS.obj (.text:ti_sysbios_knl_Task_unblock__E)
                  0000978e    00000002     --HOLE-- [fill = 0]
                  00009790    00000014     msp432p4xx_driverlib.lib : pcm.o (.text:PCM_getPowerState)
                  000097a4    00000014     drivers_msp432p401x.aem4f : PWM.oem4f (.text:PWM_Params_init)
                  000097b8    00000014                               : PowerMSP432.oem4f (.text:Power_idleFunc)
                  000097cc    00000014                               : UARTMSP432.oem4f (.text:clearTXCPTIFG)
                  000097e0    00000014     sysbios.aem4f : BIOS.obj (.text:pthread_attr_setschedparam)
                  000097f4    00000014     rtsv7M4_T_le_v4SPD16_eabi.lib : strcpy.c.obj (.text:strcpy)
                  00009808    00000014                                   : strlen.c.obj (.text:strlen)
                  0000981c    00000014     release_pem4f.oem4f (.text:ti_sysbios_family_arm_m3_Hwi_Object__get__S)
                  00009830    00000014     sysbios.aem4f : BIOS.obj (.text:ti_sysbios_family_arm_m3_Hwi_switchFromBootStack__E)
                  00009844    00000014     release_pem4f.oem4f (.text:ti_sysbios_heaps_HeapMem_Object__get__S)
                  00009858    00000014     release_pem4f.oem4f (.text:ti_sysbios_knl_Swi_Object__get__S)
                  0000986c    00000012     drivers_msp432p401x.aem4f : RingBuf.oem4f (.text:RingBuf_construct)
                  0000987e    00000012     dpl_msp432p401x.aem4f : SemaphoreP_tirtos.oem4f (.text:SemaphoreP_pend)
                  00009890    00000012     sysbios.aem4f : BIOS.obj (.text:_pthread_cleanup_pop)
                  000098a2    00000006     drivers_msp432p401x.aem4f : PWMTimerMSP432.oem4f (.text:PWMTimerMSP432_control)
                  000098a8    00000012     sysbios.aem4f : BIOS.obj (.text:_pthread_runStub$43)
                  000098ba    00000006     drivers_msp432p401x.aem4f : PWMTimerMSP432.oem4f (.text:PWMTimerMSP432_setDutyAndPeriod)
                  000098c0    00000012     sysbios.aem4f : BIOS.obj (.text:ti_sysbios_hal_Hwi_Module_startup__E)
                  000098d2    00000012     rtsv7M4_T_le_v4SPD16_eabi.lib : wcslen.c.obj (.text:wcslen)
                  000098e4    00000012     release_pem4f.oem4f (.text:xdc_runtime_Startup_exec__I)
                  000098f6    00000010     dpl_msp432p401x.aem4f : HwiP_tirtos.oem4f (.text:HwiP_Params_init)
                  00009906    00000002     --HOLE-- [fill = 0]
                  00009908    00000010     drivers_msp432p401x.aem4f : I2C.oem4f (.text:I2C_Params_init)
                  00009918    00000010     msp432p4xx_driverlib.lib : pcm.o (.text:PCM_gotoLPM4)
                  00009928    00000010                              : pcm.o (.text:PCM_setPowerMode)
                  00009938    00000010                              : pcm.o (.text:PCM_setPowerState)
                  00009948    00000010     drivers_msp432p401x.aem4f : PowerMSP432.oem4f (.text:PowerMSP432_getNumPerfLevels)
                  00009958    00000010     msp432p4xx_driverlib.lib : sysctl_a.o (.text:SysCtl_A_getNMISourceStatus)
                  00009968    00000010                              : sysctl.o (.text:SysCtl_getNMISourceStatus)
                  00009978    00000010     drivers_msp432p401x.aem4f : UARTMSP432.oem4f (.text:readBlockingTimeout)
                  00009988    00000010     sysbios.aem4f : BIOS.obj (.text:ti_sysbios_BIOS_exit__E)
                  00009998    00000010                   : BIOS.obj (.text:ti_sysbios_BIOS_setCpuFreq__E)
                  000099a8    00000010                   : BIOS.obj (.text:ti_sysbios_BIOS_setThreadType__E)
                  000099b8    00000010                   : BIOS.obj (.text:ti_sysbios_BIOS_start__E)
                  000099c8    00000010                   : m3_TaskSupport_asm.obj (.text:ti_sysbios_family_arm_m3_TaskSupport_glue)
                  000099d8    00000010                   : BIOS.obj (.text:ti_sysbios_family_arm_msp432_init_Boot_disableWatchdog)
                  000099e8    00000010                   : BIOS.obj (.text:ti_sysbios_gates_GateMutex_Instance_finalize__E)
                  000099f8    00000010     release_pem4f.oem4f (.text:ti_sysbios_knl_Mailbox_Object__get__S)
                  00009a08    00000010     sysbios.aem4f : BIOS.obj (.text:ti_sysbios_knl_Semaphore_Instance_finalize__E)
                  00009a18    00000010                   : BIOS.obj (.text:ti_sysbios_knl_Swi_disable__E)
                  00009a28    00000010     release_pem4f.oem4f (.text:ti_sysbios_knl_Task_Object__get__S)
                  00009a38    00000010     sysbios.aem4f : BIOS.obj (.text:ti_sysbios_knl_Task_disable__E)
                  00009a48    00000010                   : BIOS.obj (.text:xdc_runtime_Gate_leaveSystem__E)
                  00009a58    00000010                   : BIOS.obj (.text:xdc_runtime_Memory_free__E)
                  00009a68    00000010                   : BIOS.obj (.text:xdc_runtime_SysCallback_abort__E)
                  00009a78    00000010                   : BIOS.obj (.text:xdc_runtime_SysCallback_exit__E)
                  00009a88    0000000e     rtsv7M4_T_le_v4SPD16_eabi.lib : copy_decompress_none.c.obj (.text:decompress:none:__TI_decompress_none)
                  00009a96    00000002     --HOLE-- [fill = 0]
                  00009a98    0000000e     sysbios.aem4f : BIOS.obj (.text:pthread_attr_setdetachstate)
                  00009aa6    00000002     --HOLE-- [fill = 0]
                  00009aa8    0000000e                   : BIOS.obj (.text:sem_wait)
                  00009ab6    00000002     --HOLE-- [fill = 0]
                  00009ab8    0000000e                   : BIOS.obj (.text:ti_sysbios_knl_Idle_loop__E)
                  00009ac6    00000002     --HOLE-- [fill = 0]
                  00009ac8    0000000e                   : BIOS.obj (.text:ti_sysbios_knl_Queue_empty__E)
                  00009ad6    0000000c     ti_drivers_config.obj (.text:Board_init)
                  00009ae2    0000000c     msp432p4xx_driverlib.lib : cpu.o (.text:CPU_cpsid)
                  00009aee    0000000c                              : cpu.o (.text:CPU_cpsie)
                  00009afa    0000000c     dpl_msp432p401x.aem4f : ClockP_tirtos.oem4f (.text:ClockP_delete)
                  00009b06    0000000c                           : HwiP_tirtos.oem4f (.text:HwiP_delete)
                  00009b12    00000002     --HOLE-- [fill = 0]
                  00009b14    0000000c     drivers_msp432p401x.aem4f : PowerMSP432.oem4f (.text:Power_getConstraintMask)
                  00009b20    0000000c                               : PowerMSP432.oem4f (.text:Power_getPerformanceLevel)
                  00009b2c    0000000c     dpl_msp432p401x.aem4f : SemaphoreP_tirtos.oem4f (.text:SemaphoreP_delete)
                  00009b38    0000000c     rtsv7M4_T_le_v4SPD16_eabi.lib : _lock.c.obj (.text:_register_lock)
                  00009b44    0000000c                                   : _lock.c.obj (.text:_register_unlock)
                  00009b50    0000000c                                   : copy_zero_init.c.obj (.text:decompress:ZI:__TI_zero_init)
                  00009b5c    00000004     --HOLE-- [fill = 0]
                  00009b60    0000000c     sysbios.aem4f : BIOS.obj (.text:pthread_self)
                  00009b6c    0000000c     release_pem4f.oem4f (.text:ti_sysbios_family_arm_m3_Hwi_Params__init__S)
                  00009b78    0000000c     sysbios.aem4f : BIOS.obj (.text:ti_sysbios_family_arm_m3_Hwi_disableFxn__E)
                  00009b84    00000004     --HOLE-- [fill = 0]
                  00009b88    0000000c                   : BIOS.obj (.text:ti_sysbios_family_arm_m3_TaskSupport_getStackAlignment__E)
                  00009b94    00000004     --HOLE-- [fill = 0]
                  00009b98    0000000c                   : BIOS.obj (.text:ti_sysbios_family_arm_msp432_Timer_getMaxTicks__E)
                  00009ba4    00000004     --HOLE-- [fill = 0]
                  00009ba8    0000000c                   : BIOS.obj (.text:ti_sysbios_gates_GateHwi_enter__E)
                  00009bb4    0000000c     release_pem4f.oem4f (.text:ti_sysbios_knl_Clock_Params__init__S)
                  00009bc0    0000000c     release_pem4f.oem4f (.text:ti_sysbios_knl_Queue_Object__get__S)
                  00009bcc    0000000c     release_pem4f.oem4f (.text:ti_sysbios_knl_Semaphore_Params__init__S)
                  00009bd8    0000000c     release_pem4f.oem4f (.text:ti_sysbios_knl_Task_Params__init__S)
                  00009be4    00000004     --HOLE-- [fill = 0]
                  00009be8    0000000c     sysbios.aem4f : BIOS.obj (.text:ti_sysbios_knl_Task_self__E)
                  00009bf4    00000004     --HOLE-- [fill = 0]
                  00009bf8    0000000c                   : BIOS.obj (.text:ti_sysbios_rts_ti_ReentSupport_taskRegHook__I)
                  00009c04    00000004     --HOLE-- [fill = 0]
                  00009c08    0000000c                   : BIOS.obj (.text:xdc_runtime_Gate_enterSystem__E)
                  00009c14    00000004     --HOLE-- [fill = 0]
                  00009c18    0000000c                   : BIOS.obj (.text:xdc_runtime_Memory_calloc__E)
                  00009c24    00000004     --HOLE-- [fill = 0]
                  00009c28    0000000c                   : BIOS.obj (.text:xdc_runtime_Startup_rtsDone__E)
                  00009c34    0000000a     dpl_msp432p401x.aem4f : ClockP_tirtos.oem4f (.text:ClockP_Params_init)
                  00009c3e    0000000a     drivers_msp432p401x.aem4f : PWM.oem4f (.text:PWM_setDuty)
                  00009c48    0000000a                               : PWM.oem4f (.text:PWM_start)
                  00009c52    0000000a                               : PWM.oem4f (.text:PWM_stop)
                  00009c5c    0000000a                               : UART.oem4f (.text:UART_read)
                  00009c66    0000000a                               : UART.oem4f (.text:UART_write)
                  00009c70    0000000a     rtsv7M4_T_le_v4SPD16_eabi.lib : sprintf.c.obj (.text:_outc)
                  00009c7a    0000000a     MPUThread2.obj (.text:getGyro2)
                  00009c84    0000000a     MPUThread.obj (.text:getGyro)
                  00009c8e    00000002     --HOLE-- [fill = 0]
                  00009c90    0000000a     sysbios.aem4f : BIOS.obj (.text:sem_post)
                  00009c9a    0000000a     release_pem4f.oem4f (.text:xdc_runtime_IHeap_alloc)
                  00009ca4    0000000a     release_pem4f.oem4f (.text:xdc_runtime_IHeap_free)
                  00009cae    00000008     dpl_msp432p401x.aem4f : SemaphoreP_tirtos.oem4f (.text:SemaphoreP_Params_init)
                  00009cb6    00000008     drivers_msp432p401x.aem4f : I2CMSP432.oem4f (.text:blockingTransferCallback)
                  00009cbe    00000002     --HOLE-- [fill = 0]
                  00009cc0    00000008     sysbios.aem4f : BIOS.obj (.text:pthread_attr_setstacksize)
                  00009cc8    00000008     drivers_msp432p401x.aem4f : UARTMSP432.oem4f (.text:readSemCallback)
                  00009cd0    00000008     sysbios.aem4f : BIOS.obj (.text:ti_sysbios_family_arm_m3_Hwi_doSwiRestore__I)
                  00009cd8    00000008                   : BIOS.obj (.text:ti_sysbios_family_arm_m3_Hwi_startup__E)
                  00009ce0    00000008     drivers_msp432p401x.aem4f : UARTMSP432.oem4f (.text:txcptEnabledStatus)
                  00009ce8    00000008                               : UARTMSP432.oem4f (.text:writeSemCallback)
                  00009cf0    00000006     sysbios.aem4f : BIOS.obj (.text:ti_sysbios_family_arm_m3_Hwi_doTaskRestore__I)
                  00009cf6    00000002     --HOLE-- [fill = 0]
                  00009cf8    00000006                   : BIOS.obj (.text:ti_sysbios_family_arm_m3_Hwi_restoreFxn__E)
                  00009cfe    00000002     --HOLE-- [fill = 0]
                  00009d00    00000006                   : BIOS.obj (.text:ti_sysbios_gates_GateHwi_leave__E)
                  00009d06    00000002     --HOLE-- [fill = 0]
                  00009d08    00000006                   : BIOS.obj (.text:ti_sysbios_heaps_HeapMem_isBlocking__E)
                  00009d0e    00000002     --HOLE-- [fill = 0]
                  00009d10    00000006                   : BIOS.obj (.text:ti_sysbios_knl_Clock_stop__E)
                  00009d16    00000002     --HOLE-- [fill = 0]
                  00009d18    00000006                   : BIOS.obj (.text:ti_sysbios_knl_Queue_Instance_init__E)
                  00009d1e    00000002     --HOLE-- [fill = 0]
                  00009d20    00000006                   : BIOS.obj (.text:ti_sysbios_knl_Swi_startup__E)
                  00009d26    00000002     --HOLE-- [fill = 0]
                  00009d28    00000006                   : BIOS.obj (.text:xdc_runtime_System_Module_startup__E)
                  00009d2e    00000002     --HOLE-- [fill = 0]
                  00009d30    00000004                   : BIOS.obj (.text:__aeabi_errno_addr)
                  00009d34    00000004     --HOLE-- [fill = 0]
                  00009d38    00000004                   : BIOS.obj (.text:ti_sysbios_gates_GateHwi_query__E)
                  00009d3c    00000004     --HOLE-- [fill = 0]
                  00009d40    00000004                   : BIOS.obj (.text:ti_sysbios_gates_GateMutex_query__E)
                  00009d44    00000004     --HOLE-- [fill = 0]
                  00009d48    00000004                   : BIOS.obj (.text:ti_sysbios_knl_Clock_setTimeout__E)
                  00009d4c    00000004     --HOLE-- [fill = 0]
                  00009d50    00000004                   : BIOS.obj (.text:ti_sysbios_knl_Task_startup__E)
                  00009d54    00000004     --HOLE-- [fill = 0]
                  00009d58    00000002                   : BIOS.obj (.text:ti_sysbios_BIOS_linkedWithIncorrectBootLibrary__E)
                  00009d5a    00000006     --HOLE-- [fill = 0]
                  00009d60    00000002                   : BIOS.obj (.text:ti_sysbios_gates_GateHwi_Instance_init__E)
                  00009d62    00000006     --HOLE-- [fill = 0]
                  00009d68    00000002                   : BIOS.obj (.text:ti_sysbios_knl_Clock_logTick__E)
                  00009d6a    00000006     --HOLE-- [fill = 0]
                  00009d70    00000002                   : BIOS.obj (.text:xdc_runtime_SysCallback_defaultAbort)
                  00009d72    00000006     --HOLE-- [fill = 0]
                  00009d78    00000002                   : BIOS.obj (.text:xdc_runtime_SysCallback_defaultExit)
                  00009d7a    00000006     --HOLE-- [fill = 0]
                  00009d80    00000002                   : BIOS.obj (.text:xdc_runtime_System_abortSpin__E)
                  00009d82    00000006     --HOLE-- [fill = 0]
                  00009d88    00000002                   : BIOS.obj (.text:xdc_runtime_System_exitSpin__E)

.const     0    00009d8c    000007aa     
                  00009d8c    00000101     rtsv7M4_T_le_v4SPD16_eabi.lib : ctype.c.obj (.const:.string:_ctypes_)
                  00009e8d    00000001     release_pem4f.oem4f (.const:xdc_runtime_Error_policy__C)
                  00009e8e    00000002     release_pem4f.oem4f (.const:ti_sysbios_family_arm_m3_Hwi_Module__id__C)
                  00009e90    00000048     release_pem4f.oem4f (.const:.string)
                  00009ed8    00000040     ti_drivers_config.obj (.const:uartMSP432Baudrates)
                  00009f18    0000003c     release_pem4f.oem4f (.const:ti_sysbios_knl_Task_Object__PARAMS__C)
                  00009f54    00000038     ti_drivers_config.obj (.const:PowerMSP432_config)
                  00009f8c    00000030     release_pem4f.oem4f (.const:ti_sysbios_family_arm_m3_Hwi_Object__PARAMS__C)
                  00009fbc    0000002c     ti_drivers_config.obj (.const:uartMSP432HWAttrs)
                  00009fe8    00000028     drivers_msp432p401x.aem4f : UARTMSP432.oem4f (.const:UARTMSP432_fxnTable)
                  0000a010    00000028     ti_drivers_config.obj (.const:i2cMSP432HWAttrs)
                  0000a038    00000028     release_pem4f.oem4f (.const:ti_sysbios_heaps_HeapMem_Module__FXNS__C)
                  0000a060    00000024     drivers_msp432p401x.aem4f : PWMTimerMSP432.oem4f (.const:PWMTimerMSP432_fxnTable)
                  0000a084    00000024                               : UART.oem4f (.const:UART_defaultParams)
                  0000a0a8    00000024     release_pem4f.oem4f (.const:ti_sysbios_gates_GateHwi_Module__FXNS__C)
                  0000a0cc    00000024     release_pem4f.oem4f (.const:ti_sysbios_gates_GateMutex_Module__FXNS__C)
                  0000a0f0    00000024     release_pem4f.oem4f (.const:ti_sysbios_heaps_HeapMem_Object__PARAMS__C)
                  0000a114    00000024     release_pem4f.oem4f (.const:ti_sysbios_knl_Clock_Object__PARAMS__C)
                  0000a138    00000024     release_pem4f.oem4f (.const:ti_sysbios_knl_Semaphore_Object__PARAMS__C)
                  0000a15c    00000024     release_pem4f.oem4f (.const:xdc_runtime_Startup_sfxnTab__A)
                  0000a180    00000020     drivers_msp432p401x.aem4f : UARTMSP432.oem4f (.const:staticFxnTable)
                  0000a1a0    00000020     release_pem4f.oem4f (.const:ti_sysbios_family_arm_m3_Hwi_Object__DESC__C)
                  0000a1c0    00000020     release_pem4f.oem4f (.const:ti_sysbios_gates_GateHwi_Object__DESC__C)
                  0000a1e0    00000020     release_pem4f.oem4f (.const:ti_sysbios_gates_GateMutex_Object__DESC__C)
                  0000a200    00000020     release_pem4f.oem4f (.const:ti_sysbios_heaps_HeapMem_Object__DESC__C)
                  0000a220    00000020     release_pem4f.oem4f (.const:ti_sysbios_knl_Clock_Object__DESC__C)
                  0000a240    00000020     release_pem4f.oem4f (.const:ti_sysbios_knl_Queue_Object__DESC__C)
                  0000a260    00000020     release_pem4f.oem4f (.const:ti_sysbios_knl_Semaphore_Object__DESC__C)
                  0000a280    00000020     release_pem4f.oem4f (.const:ti_sysbios_knl_Task_Object__DESC__C)
                  0000a2a0    00000018     drivers_msp432p401x.aem4f : I2CMSP432.oem4f (.const:I2CMSP432_fxnTable)
                  0000a2b8    00000018     ti_drivers_config.obj (.const:I2C_config)
                  0000a2d0    00000018     ti_drivers_config.obj (.const:PWM_config)
                  0000a2e8    00000018     drivers_msp432p401x.aem4f : PWM.oem4f (.const:PWM_defaultParams)
                  0000a300    00000018     release_pem4f.oem4f (.const:ti_sysbios_gates_GateHwi_Object__PARAMS__C)
                  0000a318    00000018     release_pem4f.oem4f (.const:ti_sysbios_gates_GateMutex_Object__PARAMS__C)
                  0000a330    00000018     release_pem4f.oem4f (.const:ti_sysbios_knl_Queue_Object__PARAMS__C)
                  0000a348    00000018     release_pem4f.oem4f (.const:ti_sysbios_knl_Task_hooks__A)
                  0000a360    00000014     ti_drivers_config.obj (.const:GPIOMSP432_config)
                  0000a374    00000012     release_pem4f.oem4f (.const:xdc_runtime_Startup_sfxnRts__A)
                  0000a386    00000002     release_pem4f.oem4f (.const:ti_sysbios_family_arm_msp432_init_Boot_bypassHFXT__C)
                  0000a388    00000010     drivers_msp432p401x.aem4f : I2C.oem4f (.const:I2C_defaultParams)
                  0000a398    00000010                               : PWMTimerMSP432.oem4f (.const:pwmTimerBaseAddr)
                  0000a3a8    00000010     ti_drivers_config.obj (.const:pwmTimerMSP432HWAttrs)
                  0000a3b8    0000000e     MPUThread.obj (.const:.string:$P$T0$1)
                  0000a3c6    0000000e     MPUThread2.obj (.const:.string:$P$T0$1)
                  0000a3d4    0000000c     ti_drivers_config.obj (.const:UART_config)
                  0000a3e0    0000000c     drivers_msp432p401x.aem4f : I2CMSP432.oem4f (.const:bitRates)
                  0000a3ec    0000000c     release_pem4f.oem4f (.const:xdc_runtime_Startup_firstFxns__A)
                  0000a3f8    0000000b     UARTThread.obj (.const:.string:ledOffState)
                  0000a403    0000000a     UARTThread.obj (.const:.string:ledOnState)
                  0000a40d    00000001     release_pem4f.oem4f (.const:xdc_runtime_Text_charTab__A)
                  0000a40e    00000002     release_pem4f.oem4f (.const:ti_sysbios_family_arm_msp432_init_Boot_bypassLFXT__C)
                  0000a410    00000008     release_pem4f.oem4f (.const:ti_sysbios_knl_Idle_funcList__A)
                  0000a418    00000008     release_pem4f.oem4f (.const:ti_sysbios_knl_Idle_funcList__C)
                  0000a420    00000008     release_pem4f.oem4f (.const:ti_sysbios_knl_Task_hooks__C)
                  0000a428    00000008     release_pem4f.oem4f (.const:xdc_runtime_Startup_firstFxns__C)
                  0000a430    00000008     release_pem4f.oem4f (.const:xdc_runtime_Startup_lastFxns__C)
                  0000a438    00000006     drivers_msp432p401x.aem4f : GPIOMSP432.oem4f (.const:.string:interruptType)
                  0000a43e    00000006                               : GPIOMSP432.oem4f (.const:.string:portInterruptIds)
                  0000a444    00000005                               : UARTMSP432.oem4f (.const:.string:parityTypes)
                  0000a449    00000005     ti_drivers_config.obj (.const)
                  0000a44e    00000004     drivers_msp432p401x.aem4f : UARTMSP432.oem4f (.const:stopBits)
                  0000a452    00000002     release_pem4f.oem4f (.const:ti_sysbios_family_arm_msp432_init_Boot_enableHFXT__C)
                  0000a454    00000004     release_pem4f.oem4f (.const:ti_sysbios_family_arm_m3_Hwi_E_alreadyDefined__C)
                  0000a458    00000004     release_pem4f.oem4f (.const:ti_sysbios_family_arm_m3_Hwi_E_badIntNum__C)
                  0000a45c    00000004     release_pem4f.oem4f (.const:ti_sysbios_family_arm_m3_Hwi_NUM_INTERRUPTS__C)
                  0000a460    00000004     release_pem4f.oem4f (.const:ti_sysbios_family_arm_m3_Hwi_Object__count__C)
                  0000a464    00000004     release_pem4f.oem4f (.const:ti_sysbios_family_arm_m3_Hwi_ccr__C)
                  0000a468    00000004     release_pem4f.oem4f (.const:ti_sysbios_family_arm_m3_Hwi_excHandlerFunc__C)
                  0000a46c    00000004     release_pem4f.oem4f (.const:ti_sysbios_family_arm_m3_Hwi_nullIsrFunc__C)
                  0000a470    00000004     release_pem4f.oem4f (.const:ti_sysbios_family_arm_m3_Hwi_priGroup__C)
                  0000a474    00000004     release_pem4f.oem4f (.const:ti_sysbios_family_arm_m3_Hwi_swiDisable__C)
                  0000a478    00000004     release_pem4f.oem4f (.const:ti_sysbios_family_arm_m3_Hwi_swiRestore__C)
                  0000a47c    00000004     release_pem4f.oem4f (.const:ti_sysbios_family_arm_m3_TaskSupport_stackAlignment__C)
                  0000a480    00000004     release_pem4f.oem4f (.const:ti_sysbios_family_arm_msp432_Timer_numTimerDevices__C)
                  0000a484    00000004     release_pem4f.oem4f (.const:ti_sysbios_family_arm_msp432_Timer_startupNeeded__C)
                  0000a488    00000004     release_pem4f.oem4f (.const:ti_sysbios_gates_GateMutex_Instance_State_sem__O)
                  0000a48c    00000004     release_pem4f.oem4f (.const:ti_sysbios_heaps_HeapMem_E_memory__C)
                  0000a490    00000004     release_pem4f.oem4f (.const:ti_sysbios_heaps_HeapMem_Module__gateObj__C)
                  0000a494    00000004     release_pem4f.oem4f (.const:ti_sysbios_heaps_HeapMem_Object__count__C)
                  0000a498    00000004     release_pem4f.oem4f (.const:ti_sysbios_heaps_HeapMem_primaryHeapBaseAddr__C)
                  0000a49c    00000004     release_pem4f.oem4f (.const:ti_sysbios_heaps_HeapMem_primaryHeapEndAddr__C)
                  0000a4a0    00000004     release_pem4f.oem4f (.const:ti_sysbios_heaps_HeapMem_reqAlign__C)
                  0000a4a4    00000004     release_pem4f.oem4f (.const:ti_sysbios_knl_Clock_Module_State_clockQ__O)
                  0000a4a8    00000004     release_pem4f.oem4f (.const:ti_sysbios_knl_Clock_tickPeriod__C)
                  0000a4ac    00000004     release_pem4f.oem4f (.const:ti_sysbios_knl_Mailbox_Instance_State_freeQue__O)
                  0000a4b0    00000004     release_pem4f.oem4f (.const:ti_sysbios_knl_Mailbox_Object__count__C)
                  0000a4b4    00000004     release_pem4f.oem4f (.const:ti_sysbios_knl_Mailbox_maxTypeAlign__C)
                  0000a4b8    00000004     release_pem4f.oem4f (.const:ti_sysbios_knl_Semaphore_Instance_State_pendQ__O)
                  0000a4bc    00000004     release_pem4f.oem4f (.const:ti_sysbios_knl_Swi_Object__count__C)
                  0000a4c0    00000004     release_pem4f.oem4f (.const:ti_sysbios_knl_Task_Module_State_inactiveQ__O)
                  0000a4c4    00000004     release_pem4f.oem4f (.const:ti_sysbios_knl_Task_Object__count__C)
                  0000a4c8    00000004     release_pem4f.oem4f (.const:ti_sysbios_knl_Task_Object__heap__C)
                  0000a4cc    00000004     release_pem4f.oem4f (.const:ti_sysbios_knl_Task_allBlockedFunc__C)
                  0000a4d0    00000004     release_pem4f.oem4f (.const:ti_sysbios_knl_Task_defaultStackHeap__C)
                  0000a4d4    00000004     release_pem4f.oem4f (.const:ti_sysbios_knl_Task_defaultStackSize__C)
                  0000a4d8    00000004     release_pem4f.oem4f (.const:ti_sysbios_knl_Task_numConstructedTasks__C)
                  0000a4dc    00000004     release_pem4f.oem4f (.const:xdc_runtime_Error_E_memory__C)
                  0000a4e0    00000004     release_pem4f.oem4f (.const:xdc_runtime_Error_policyFxn__C)
                  0000a4e4    00000004     release_pem4f.oem4f (.const:xdc_runtime_IGateProvider_Interface__BASE__C)
                  0000a4e8    00000004     release_pem4f.oem4f (.const:xdc_runtime_IHeap_Interface__BASE__C)
                  0000a4ec    00000004     release_pem4f.oem4f (.const:xdc_runtime_IModule_Interface__BASE__C)
                  0000a4f0    00000004     release_pem4f.oem4f (.const:xdc_runtime_Memory_defaultHeapInstance__C)
                  0000a4f4    00000004     release_pem4f.oem4f (.const:xdc_runtime_Startup_execImpl__C)
                  0000a4f8    00000004     release_pem4f.oem4f (.const:xdc_runtime_Startup_maxPasses__C)
                  0000a4fc    00000004     release_pem4f.oem4f (.const:xdc_runtime_Startup_sfxnRts__C)
                  0000a500    00000004     release_pem4f.oem4f (.const:xdc_runtime_Startup_sfxnTab__C)
                  0000a504    00000004     release_pem4f.oem4f (.const:xdc_runtime_SysCallback_abortFxn__C)
                  0000a508    00000004     release_pem4f.oem4f (.const:xdc_runtime_SysCallback_exitFxn__C)
                  0000a50c    00000004     release_pem4f.oem4f (.const:xdc_runtime_System_Module__gateObj__C)
                  0000a510    00000004     release_pem4f.oem4f (.const:xdc_runtime_System_abortFxn__C)
                  0000a514    00000004     release_pem4f.oem4f (.const:xdc_runtime_System_exitFxn__C)
                  0000a518    00000004     release_pem4f.oem4f (.const:xdc_runtime_System_maxAtexitHandlers__C)
                  0000a51c    00000004     release_pem4f.oem4f (.const:xdc_runtime_Text_charTab__C)
                  0000a520    00000004     release_pem4f.oem4f (.const:xdc_runtime_Text_nameEmpty__C)
                  0000a524    00000004     release_pem4f.oem4f (.const:xdc_runtime_Text_nameStatic__C)
                  0000a528    00000004     release_pem4f.oem4f (.const:xdc_runtime_Text_nameUnknown__C)
                  0000a52c    00000002     release_pem4f.oem4f (.const:ti_sysbios_family_arm_msp432_init_Boot_enableLFXT__C)
                  0000a52e    00000002     release_pem4f.oem4f (.const:ti_sysbios_heaps_HeapMem_Module__id__C)
                  0000a530    00000002     release_pem4f.oem4f (.const:xdc_runtime_Memory_Module__id__C)
                  0000a532    00000002     release_pem4f.oem4f (.const:xdc_runtime_Text_charCnt__C)
                  0000a534    00000002     release_pem4f.oem4f (.const:xdc_runtime_Text_isLoaded__C)

.cinit     0    0000a538    000002a0     
                  0000a538    00000277     (.cinit..data.load) [load image, compression = lzss]
                  0000a7af    00000001     --HOLE-- [fill = 0]
                  0000a7b0    0000000c     (__TI_handler_table)
                  0000a7bc    00000004     --HOLE-- [fill = 0]
                  0000a7c0    00000008     (.cinit..bss.load) [load image, compression = zero_init]
                  0000a7c8    00000010     (__TI_cinit_table)

.init_array 
*          0    00000000    00000000     UNINITIALIZED

.data      0    20008140    0000094d     UNINITIALIZED
                  20008140    00000140     drivers_msp432p401x.aem4f : PowerMSP432.oem4f (.data:PowerMSP432_perfLevels)
                  20008280    00000110                               : PWMTimerMSP432.oem4f (.data:pwmTimerStatus)
                  20008390    000000f0     rtsv7M4_T_le_v4SPD16_eabi.lib : defs.c.obj (.data:_ftable)
                  20008480    00000088     sysbios.aem4f : BIOS.obj (.data:$O1$$)
                  20008508    00000080     release_pem4f.oem4f (.data:ti_sysbios_knl_Swi_Module_State_0_readyQ__A)
                  20008588    00000080     release_pem4f.oem4f (.data:ti_sysbios_knl_Task_Module_State_0_readyQ__A)
                  20008608    00000078     rtsv7M4_T_le_v4SPD16_eabi.lib : host_device.c.obj (.data:_device)
                  20008680    00000054     release_pem4f.oem4f (.data:ti_sysbios_gates_GateMutex_Object__table__V)
                  200086d4    00000050     rtsv7M4_T_le_v4SPD16_eabi.lib : host_device.c.obj (.data:_stream)
                  20008724    0000004c     release_pem4f.oem4f (.data:ti_sysbios_knl_Task_Object__table__V)
                  20008770    00000044     release_pem4f.oem4f (.data:ti_sysbios_family_arm_msp432_Timer_Object__table__V)
                  200087b4    00000044     release_pem4f.oem4f (.data:ti_sysbios_knl_Task_Module__state__V)
                  200087f8    00000034     release_pem4f.oem4f (.data:ti_sysbios_family_arm_m3_Hwi_Module__state__V)
                  2000882c    00000030     release_pem4f.oem4f (.data:ti_sysbios_knl_Swi_Object__table__V)
                  2000885c    0000002c     drivers_msp432p401x.aem4f : PowerMSP432.oem4f (.data:PowerMSP432_module)
                  20008888    0000002c     release_pem4f.oem4f (.data:ti_sysbios_knl_Clock_Module__state__V)
                  200088b4    00000025     MPUThread.obj (.data)
                  200088d9    00000002     drivers_msp432p401x.aem4f : GPIOMSP432.oem4f (.data)
                  200088db    00000001     VibrationMotor.obj (.data)
                  200088dc    00000024     release_pem4f.oem4f (.data:ti_sysbios_BIOS_Module__state__V)
                  20008900    00000020     release_pem4f.oem4f (.data:ti_sysbios_family_arm_msp432_Timer_Module_State_0_device__A)
                  20008920    00000020     release_pem4f.oem4f (.data:xdc_runtime_Error_IgnoreBlock)
                  20008940    0000001c     release_pem4f.oem4f (.data:ti_sysbios_knl_Swi_Module__state__V)
                  2000895c    00000018     release_pem4f.oem4f (.data:ti_sysbios_family_arm_m3_Hwi_Object__table__V)
                  20008974    00000018     release_pem4f.oem4f (.data:ti_sysbios_heaps_HeapMem_Object__table__V)
                  2000898c    00000013     MPUThread2.obj (.data)
                  2000899f    00000001     drivers_msp432p401x.aem4f : I2C.oem4f (.data)
                  200089a0    00000010     ti_drivers_config.obj (.data:gpioCallbackFunctions)
                  200089b0    00000010     ti_drivers_config.obj (.data:gpioPinConfigs)
                  200089c0    00000010     rtsv7M4_T_le_v4SPD16_eabi.lib : defs.c.obj (.data)
                  200089d0    00000010     release_pem4f.oem4f (.data:ti_sysbios_family_arm_msp432_Timer_Module_State_0_handles__A)
                  200089e0    0000000c     rtsv7M4_T_le_v4SPD16_eabi.lib : exit.c.obj (.data:$O1$$)
                  200089ec    0000000c     release_pem4f.oem4f (.data:ti_sysbios_family_arm_msp432_ClockFreqs_Module__state__V)
                  200089f8    0000000c     release_pem4f.oem4f (.data:ti_sysbios_family_arm_msp432_Timer_Module__state__V)
                  20008a04    00000008     rtsv7M4_T_le_v4SPD16_eabi.lib : _lock.c.obj (.data:$O1$$)
                  20008a0c    00000008     UARTThread.obj (.data)
                  20008a14    00000008     release_pem4f.oem4f (.data:ti_sysbios_family_arm_m3_Hwi_Module__root__V)
                  20008a1c    00000008     release_pem4f.oem4f (.data:ti_sysbios_gates_GateHwi_Module__root__V)
                  20008a24    00000008     release_pem4f.oem4f (.data:ti_sysbios_gates_GateMutex_Module__root__V)
                  20008a2c    00000008     release_pem4f.oem4f (.data:ti_sysbios_heaps_HeapMem_Module__root__V)
                  20008a34    00000008     release_pem4f.oem4f (.data:ti_sysbios_knl_Clock_Module__root__V)
                  20008a3c    00000008     release_pem4f.oem4f (.data:ti_sysbios_knl_Queue_Module__root__V)
                  20008a44    00000008     release_pem4f.oem4f (.data:ti_sysbios_knl_Semaphore_Module__root__V)
                  20008a4c    00000008     release_pem4f.oem4f (.data:ti_sysbios_knl_Task_Module__root__V)
                  20008a54    00000008     release_pem4f.oem4f (.data:xdc_runtime_Startup_Module__state__V)
                  20008a5c    00000008     release_pem4f.oem4f (.data:xdc_runtime_System_Module_State_0_atexitHandlers__A)
                  20008a64    00000008     release_pem4f.oem4f (.data:xdc_runtime_System_Module__state__V)
                  20008a6c    00000004     rtsv7M4_T_le_v4SPD16_eabi.lib : stkdepth_vars.c.obj (.data)
                  20008a70    00000004     release_pem4f.oem4f (.data:ti_sysbios_family_arm_m3_Hwi_Module_State_0_excContext__A)
                  20008a74    00000004     release_pem4f.oem4f (.data:ti_sysbios_family_arm_m3_Hwi_Module_State_0_excStack__A)
                  20008a78    00000004     release_pem4f.oem4f (.data:ti_sysbios_gates_GateHwi_Object__table__V)
                  20008a7c    00000004     release_pem4f.oem4f (.data:ti_sysbios_knl_Task_Module_State_0_idleTask__A)
                  20008a80    00000004     release_pem4f.oem4f (.data:ti_sysbios_rts_ti_ReentSupport_Module__state__V)
                  20008a84    00000004     release_pem4f.oem4f (.data:xdc_runtime_Memory_Module__state__V)
                  20008a88    00000002     release_pem4f.oem4f (.data:ti_sysbios_family_arm_m3_Hwi_Module_State_0_excActive__A)
                  20008a8a    00000001     drivers_msp432p401x.aem4f : PWM.oem4f (.data)
                  20008a8b    00000001                               : UART.oem4f (.data)
                  20008a8c    00000001     VibrationMotor.obj (.data:timerbuff)

.bss       0    20008a90    000007ec     UNINITIALIZED
                  20008a90    00000200     release_pem4f.oem4f (.bss:taskStackSection)
                  20008c90    00000140     (.common:ti_sysbios_family_arm_m3_Hwi_dispatchTable)
                  20008dd0    00000120     rtsv7M4_T_le_v4SPD16_eabi.lib : trgmsg.c.obj (.bss:_CIOBUF_)
                  20008ef0    000000a0     (.common:__TI_tmpnams)
                  20008f90    000000a0     (.common:i2cMSP432Objects)
                  20009030    00000080     (.common:uartMSP432Objects)
                  200090b0    00000030     drivers_msp432p401x.aem4f : GPIOMSP432.oem4f (.bss:gpioCallbackInfo)
                  200090e0    00000020     ti_drivers_config.obj (.bss:uartMSP432RingBuffer0)
                  20009100    0000001c     (.common:i2cTransaction)
                  2000911c    0000001c     (.common:i2cTransaction2)
                  20009138    0000001c     (.common:semMPU)
                  20009154    0000001c     (.common:semMPU_1)
                  20009170    0000001c     (.common:semRepUpdate)
                  2000918c    0000001c     (.common:semVibrate)
                  200091a8    00000018     (.common:pwmTimerMSP432Objects)
                  200091c0    00000014     MPUThread.obj (.bss:rxBuffer)
                  200091d4    00000014     MPUThread2.obj (.bss:rxBuffer)
                  200091e8    00000010     (.common:i2cParams)
                  200091f8    00000010     (.common:i2cParams2)
                  20009208    0000000c     (.common:txBuffer)
                  20009214    00000008     msp432p4xx_driverlib.lib : cs.o (.bss)
                  2000921c    00000008     MPUThread.obj (.bss:xyz$2)
                  20009224    00000008     MPUThread2.obj (.bss:xyz$2)
                  2000922c    00000008     (.common:parmbuf)
                  20009234    00000008     (.common:receiveByte)
                  2000923c    00000004     drivers_msp432p401x.aem4f : GPIOMSP432.oem4f (.bss)
                  20009240    00000004                               : TimerMSP432.oem4f (.bss:timerState)
                  20009244    00000004     (.common:ClockP_tickPeriod)
                  20009248    00000004     (.common:dutyValue)
                  2000924c    00000004     (.common:i2c)
                  20009250    00000004     (.common:i2c2)
                  20009254    00000004     (.common:motor_handler)
                  20009258    00000004     (.common:mpu_1)
                  2000925c    00000004     (.common:mpu_handler)
                  20009260    00000004     (.common:mpu_handler2)
                  20009264    00000004     (.common:power)
                  20009268    00000004     (.common:pwm)
                  2000926c    00000004     (.common:pwm_green)
                  20009270    00000004     (.common:ti_sysbios_knl_Task_Instance_State_0_hookEnv__A)
                  20009274    00000004     (.common:uart)
                  20009278    00000004     (.common:uartthread_handler)

.priheap   0    20000140    00008000     UNINITIALIZED
[...]
00009cf9  HwiP_restore                                                    
00009cf9  ti_sysbios_family_arm_m3_Hwi_restoreFxn__E                      
00009cf9  ti_sysbios_hal_Hwi_HwiProxy_restore__E                          
00009d01  ti_sysbios_gates_GateHwi_leave__E                               
00009d09  ti_sysbios_heaps_HeapMem_isBlocking__E                          
00009d11  ti_sysbios_knl_Clock_stop__E                                    
00009d19  ti_sysbios_knl_Queue_Instance_init__E                           
00009d21  ti_sysbios_knl_Swi_startup__E                                   
00009d29  xdc_runtime_System_Module_startup__E                            
00009d31  __aeabi_errno_addr                                              
00009d39  ti_sysbios_gates_GateHwi_query__E                               
00009d39  xdc_runtime_Main_Module_GateProxy_query__E                      
00009d39  xdc_runtime_System_Module_GateProxy_query__E                    
00009d41  ti_sysbios_BIOS_RtsGateProxy_query__E                           
00009d41  ti_sysbios_gates_GateMutex_query__E                             
00009d41  ti_sysbios_heaps_HeapMem_Module_GateProxy_query__E              
00009d49  ti_sysbios_knl_Clock_setTimeout__E                              
00009d51  ti_sysbios_knl_Task_startup__E                                  
00009d59  ti_sysbios_BIOS_linkedWithIncorrectBootLibrary__E               
00009d61  ti_sysbios_gates_GateHwi_Instance_init__E                       
00009d69  ti_sysbios_knl_Clock_logTick__E                                 
00009d71  xdc_runtime_SysCallback_defaultAbort                            
00009d79  xdc_runtime_SysCallback_defaultExit                             
00009d81  xdc_runtime_System_abortSpin__E                                 
00009d89  xdc_runtime_System_exitSpin__E                                  
00009d8c  _ctypes_                                                        
00009e8d  xdc_runtime_Error_policy__C                                     
00009e8e  ti_sysbios_family_arm_m3_Hwi_Module__id__C                      
00009f18  ti_sysbios_knl_Task_Object__PARAMS__C                           
00009f54  PowerMSP432_config                                              
00009f8c  ti_sysbios_family_arm_m3_Hwi_Object__PARAMS__C                  
00009fe8  UARTMSP432_fxnTable                                             
0000a010  i2cMSP432HWAttrs                                                
0000a038  ti_sysbios_heaps_HeapMem_Module__FXNS__C                        
0000a060  PWMTimerMSP432_fxnTable                                         
0000a084  UART_defaultParams                                              
0000a0a8  ti_sysbios_gates_GateHwi_Module__FXNS__C                        
0000a0cc  ti_sysbios_gates_GateMutex_Module__FXNS__C                      
0000a0f0  ti_sysbios_heaps_HeapMem_Object__PARAMS__C                      
0000a114  ti_sysbios_knl_Clock_Object__PARAMS__C                          
0000a138  ti_sysbios_knl_Semaphore_Object__PARAMS__C                      
0000a15c  xdc_runtime_Startup_sfxnTab__A                                  
0000a1a0  ti_sysbios_family_arm_m3_Hwi_Object__DESC__C                    
0000a1c0  ti_sysbios_gates_GateHwi_Object__DESC__C                        
0000a1e0  ti_sysbios_gates_GateMutex_Object__DESC__C                      
0000a200  ti_sysbios_heaps_HeapMem_Object__DESC__C                        
0000a220  ti_sysbios_knl_Clock_Object__DESC__C                            
0000a240  ti_sysbios_knl_Queue_Object__DESC__C                            
0000a260  ti_sysbios_knl_Semaphore_Object__DESC__C                        
0000a280  ti_sysbios_knl_Task_Object__DESC__C                             
0000a2a0  I2CMSP432_fxnTable                                              
0000a2b8  I2C_config                                                      
0000a2d0  PWM_config                                                      
0000a2e8  PWM_defaultParams                                               
0000a300  ti_sysbios_gates_GateHwi_Object__PARAMS__C                      
0000a318  ti_sysbios_gates_GateMutex_Object__PARAMS__C                    
0000a330  ti_sysbios_knl_Queue_Object__PARAMS__C                          
0000a348  ti_sysbios_knl_Task_hooks__A                                    
0000a360  GPIOMSP432_config                                               
0000a374  xdc_runtime_Startup_sfxnRts__A                                  
0000a386  ti_sysbios_family_arm_msp432_init_Boot_bypassHFXT__C            
0000a388  I2C_defaultParams                                               
0000a3a8  pwmTimerMSP432HWAttrs                                           
0000a3d4  UART_config                                                     
0000a3ec  xdc_runtime_Startup_firstFxns__A                                
0000a3f8  ledOffState                                                     
0000a403  ledOnState                                                      
0000a40d  xdc_runtime_Text_charTab__A                                     
0000a40e  ti_sysbios_family_arm_msp432_init_Boot_bypassLFXT__C            
0000a410  ti_sysbios_knl_Idle_funcList__A                                 
0000a418  ti_sysbios_knl_Idle_funcList__C                                 
0000a420  ti_sysbios_knl_Task_hooks__C                                    
0000a428  xdc_runtime_Startup_firstFxns__C                                
0000a430  xdc_runtime_Startup_lastFxns__C                                 
0000a449  I2C_count                                                       
0000a44a  PWM_count                                                       
0000a44b  Timer_count                                                     
0000a44c  UART_count                                                      
0000a44d  Button_count                                                    
0000a452  ti_sysbios_family_arm_msp432_init_Boot_enableHFXT__C            
0000a454  ti_sysbios_family_arm_m3_Hwi_E_alreadyDefined__C                
0000a458  ti_sysbios_family_arm_m3_Hwi_E_badIntNum__C                     
0000a45c  ti_sysbios_family_arm_m3_Hwi_NUM_INTERRUPTS__C                  
0000a460  ti_sysbios_family_arm_m3_Hwi_Object__count__C                   
0000a464  ti_sysbios_family_arm_m3_Hwi_ccr__C                             
0000a468  ti_sysbios_family_arm_m3_Hwi_excHandlerFunc__C                  
0000a46c  ti_sysbios_family_arm_m3_Hwi_nullIsrFunc__C                     
0000a470  ti_sysbios_family_arm_m3_Hwi_priGroup__C                        
0000a474  ti_sysbios_family_arm_m3_Hwi_swiDisable__C                      
0000a478  ti_sysbios_family_arm_m3_Hwi_swiRestore__C                      
0000a47c  ti_sysbios_family_arm_m3_TaskSupport_stackAlignment__C          
0000a480  ti_sysbios_family_arm_msp432_Timer_numTimerDevices__C           
0000a484  ti_sysbios_family_arm_msp432_Timer_startupNeeded__C             
0000a488  ti_sysbios_gates_GateMutex_Instance_State_sem__O                
0000a48c  ti_sysbios_heaps_HeapMem_E_memory__C                            
0000a490  ti_sysbios_heaps_HeapMem_Module__gateObj__C                     
0000a494  ti_sysbios_heaps_HeapMem_Object__count__C                       
0000a498  ti_sysbios_heaps_HeapMem_primaryHeapBaseAddr__C                 
0000a49c  ti_sysbios_heaps_HeapMem_primaryHeapEndAddr__C                  
0000a4a0  ti_sysbios_heaps_HeapMem_reqAlign__C                            
0000a4a4  ti_sysbios_knl_Clock_Module_State_clockQ__O                     
0000a4a8  ti_sysbios_knl_Clock_tickPeriod__C                              
0000a4ac  ti_sysbios_knl_Mailbox_Instance_State_freeQue__O                
0000a4b0  ti_sysbios_knl_Mailbox_Object__count__C                         
0000a4b4  ti_sysbios_knl_Mailbox_maxTypeAlign__C                          
0000a4b8  ti_sysbios_knl_Semaphore_Instance_State_pendQ__O                
0000a4bc  ti_sysbios_knl_Swi_Object__count__C                             
0000a4c0  ti_sysbios_knl_Task_Module_State_inactiveQ__O                   
0000a4c4  ti_sysbios_knl_Task_Object__count__C                            
0000a4c8  ti_sysbios_knl_Task_Object__heap__C                             
0000a4cc  ti_sysbios_knl_Task_allBlockedFunc__C                           
0000a4d0  ti_sysbios_knl_Task_defaultStackHeap__C                         
0000a4d4  ti_sysbios_knl_Task_defaultStackSize__C                         
0000a4d8  ti_sysbios_knl_Task_numConstructedTasks__C                      
0000a4dc  xdc_runtime_Error_E_memory__C                                   
0000a4e0  xdc_runtime_Error_policyFxn__C                                  
0000a4e4  xdc_runtime_IGateProvider_Interface__BASE__C                    
0000a4e8  xdc_runtime_IHeap_Interface__BASE__C                            
0000a4ec  xdc_runtime_IModule_Interface__BASE__C                          
0000a4f0  xdc_runtime_Memory_defaultHeapInstance__C                       
0000a4f4  xdc_runtime_Startup_execImpl__C                                 
0000a4f8  xdc_runtime_Startup_maxPasses__C                                
0000a4fc  xdc_runtime_Startup_sfxnRts__C                                  
0000a500  xdc_runtime_Startup_sfxnTab__C                                  
0000a504  xdc_runtime_SysCallback_abortFxn__C                             
0000a508  xdc_runtime_SysCallback_exitFxn__C                              
0000a50c  xdc_runtime_System_Module__gateObj__C                           
0000a510  xdc_runtime_System_abortFxn__C                                  
0000a514  xdc_runtime_System_exitFxn__C                                   
0000a518  xdc_runtime_System_maxAtexitHandlers__C                         
0000a51c  xdc_runtime_Text_charTab__C                                     
0000a520  xdc_runtime_Text_nameEmpty__C                                   
0000a524  xdc_runtime_Text_nameStatic__C                                  
0000a528  xdc_runtime_Text_nameUnknown__C                                 
0000a52c  ti_sysbios_family_arm_msp432_init_Boot_enableLFXT__C            
0000a52e  ti_sysbios_heaps_HeapMem_Module__id__C                          
0000a530  xdc_runtime_Memory_Module__id__C                                
0000a532  xdc_runtime_Text_charCnt__C                                     
0000a534  xdc_runtime_Text_isLoaded__C                                    
0000a538  __TI_static_base__                                              
0000a7b0  __TI_Handler_Table_Base                                         
0000a7bc  __TI_Handler_Table_Limit                                        
0000a7c8  __TI_CINIT_Base                                                 
0000a7d8  __TI_CINIT_Limit                                                
20000000  ti_sysbios_family_arm_m3_Hwi_ramVectors                         
20000140  __primary_heap_start__                                          
20008140  PowerMSP432_perfLevels                                          
20008140  __primary_heap_end__                                            
20008390  _ftable                                                         
20008508  ti_sysbios_knl_Swi_Module_State_0_readyQ__A                     
20008588  ti_sysbios_knl_Task_Module_State_0_readyQ__A                    
20008608  _device                                                         
20008680  ti_sysbios_gates_GateMutex_Object__table__V                     
200086d4  _stream                                                         
20008724  ti_sysbios_knl_Task_Object__table__V                            
20008770  ti_sysbios_family_arm_msp432_Timer_Object__table__V             
200087b4  ti_sysbios_knl_Task_Module__state__V                            
200087f8  ti_sysbios_family_arm_m3_Hwi_Module__state__V                   
2000882c  ti_sysbios_knl_Swi_Object__table__V                             
2000885c  PowerMSP432_module                                              
20008888  ti_sysbios_knl_Clock_Module__state__V                           
200088b4  fs_sel                                                          
200088b5  afs_sel                                                         
200088b8  newgyro                                                         
200088bc  oldgyro                                                         
200088c0  oldaccel                                                        
200088c4  odd                                                             
200088c8  currentgyro                                                     
200088cc  numberOftime                                                    
200088d0  mpuState_1                                                      
200088d4  degree                                                          
200088d8  ledTimerState                                                   
200088db  vibrationState                                                  
200088dc  ti_sysbios_BIOS_Module__state__V                                
20008900  ti_sysbios_family_arm_msp432_Timer_Module_State_0_device__A     
20008920  xdc_runtime_Error_IgnoreBlock                                   
20008940  ti_sysbios_knl_Swi_Module__state__V                             
2000895c  ti_sysbios_family_arm_m3_Hwi_Object__table__V                   
20008974  ti_sysbios_heaps_HeapMem_Object__table__V                       
2000898c  oldgyro2                                                        
20008990  oldaccel2                                                       
20008994  odd2                                                            
20008998  currentgyro2                                                    
2000899c  ledState2                                                       
2000899d  ledTimerState2                                                  
2000899e  mpuState_2                                                      
200089a0  gpioCallbackFunctions                                           
200089b0  gpioPinConfigs                                                  
200089c0  __TI_ft_end                                                     
200089c4  __aeabi_stdin                                                   
200089c8  __aeabi_stdout                                                  
200089cc  __aeabi_stderr                                                  
200089d0  ti_sysbios_family_arm_msp432_Timer_Module_State_0_handles__A    
200089e0  __TI_cleanup_ptr                                                
200089e4  __TI_dtors_ptr                                                  
200089e8  __TI_enable_exit_profile_output                                 
200089ec  ti_sysbios_family_arm_msp432_ClockFreqs_Module__state__V        
200089f8  ti_sysbios_family_arm_msp432_Timer_Module__state__V             
20008a04  _lock                                                           
20008a08  _unlock                                                         
20008a0c  bytesReceived                                                   
20008a10  charToint                                                       
20008a14  ti_sysbios_family_arm_m3_Hwi_Module__root__V                    
20008a1c  ti_sysbios_gates_GateHwi_Module__root__V                        
20008a24  ti_sysbios_gates_GateMutex_Module__root__V                      
20008a2c  ti_sysbios_heaps_HeapMem_Module__root__V                        
20008a34  ti_sysbios_knl_Clock_Module__root__V                            
20008a3c  ti_sysbios_knl_Queue_Module__root__V                            
20008a44  ti_sysbios_knl_Semaphore_Module__root__V                        
20008a4c  ti_sysbios_knl_Task_Module__root__V                             
20008a54  xdc_runtime_Startup_Module__state__V                            
20008a5c  xdc_runtime_System_Module_State_0_atexitHandlers__A             
20008a64  xdc_runtime_System_Module__state__V                             
20008a6c  main_func_sp                                                    
20008a70  ti_sysbios_family_arm_m3_Hwi_Module_State_0_excContext__A       
20008a74  ti_sysbios_family_arm_m3_Hwi_Module_State_0_excStack__A         
20008a78  ti_sysbios_gates_GateHwi_Object__table__V                       
20008a7c  ti_sysbios_knl_Task_Module_State_0_idleTask__A                  
20008a80  ti_sysbios_rts_ti_ReentSupport_Module__state__V                 
20008a84  xdc_runtime_Memory_Module__state__V                             
20008a88  ti_sysbios_family_arm_m3_Hwi_Module_State_0_excActive__A        
20008a8c  timerbuff                                                       
20008a90  ti_sysbios_knl_Task_Instance_State_0_stack__A                   
20008c90  ti_sysbios_family_arm_m3_Hwi_dispatchTable                      
20008dd0  __CIOBUF_                                                       
20008ef0  __TI_tmpnams                                                    
20008f90  i2cMSP432Objects                                                
20009030  uartMSP432Objects                                               
20009100  i2cTransaction                                                  
2000911c  i2cTransaction2                                                 
20009138  semMPU                                                          
20009154  semMPU_1                                                        
20009170  semRepUpdate                                                    
2000918c  semVibrate                                                      
200091a8  pwmTimerMSP432Objects                                           
200091e8  i2cParams                                                       
200091f8  i2cParams2                                                      
20009208  txBuffer                                                        
2000922c  parmbuf                                                         
20009234  receiveByte                                                     
20009244  ClockP_tickPeriod                                               
20009248  dutyValue                                                       
2000924c  i2c                                                             
20009250  i2c2                                                            
20009254  motor_handler                                                   
20009258  mpu_1                                                           
2000925c  mpu_handler                                                     
20009260  mpu_handler2                                                    
20009264  power                                                           
20009268  pwm                                                             
2000926c  pwm_green                                                       
20009270  ti_sysbios_knl_Task_Instance_State_0_hookEnv__A                 
20009274  uart                                                            
20009278  uartthread_handler                                              
2000fc00  __stack                                                         
20010000  __STACK_END                                                     
4000480c  WDTCTL_SYM                                                      
e000e000  ti_sysbios_family_arm_m3_Hwi_nvic                               
ffffffff  __TI_pprof_out_hndl                                             
ffffffff  __TI_prof_data_size                                             
ffffffff  __TI_prof_data_start                                            
ffffffff  __binit__                                                       
ffffffff  __c_args__                                                      
ffffffff  binit                                                           
UNDEFED   SHT$$INIT_ARRAY$$Base                                           
UNDEFED   SHT$$INIT_ARRAY$$Limit                                          

[721 symbols]
