******************************************************************************
                  TI ARM Linker PC v18.12.3                    
******************************************************************************
>> Linked Fri Oct 25 10:11:15 2019

OUTPUT FILE NAME:   <i2cmasterexample1_MSP_EXP432P401R_tirtos_ccs.out>
ENTRY POINT SYMBOL: "_c_int00"  address: 000051d1


MEMORY CONFIGURATION

         name            origin    length      used     unused   attr    fill
----------------------  --------  ---------  --------  --------  ----  --------
  MAIN                  00000000   00040000  00007bd4  0003842c  R  X
  INFO                  00200000   00004000  00000000  00004000  R  X
  SRAM_CODE             01000000   00010000  000092cb  00006d35  RW X
  SRAM_DATA             20000000   00010000  000092cb  00006d35  RW  


SEGMENT ALLOCATION MAP

run origin  load origin   length   init length attrs members
----------  ----------- ---------- ----------- ----- -------
00000000    00000000    00007be0   00007be0    r-x
  00000000    00000000    0000003c   0000003c    r-- .resetVecs
  00000040    00000040    0000738a   0000738a    r-x .text
  000073cc    000073cc    0000058e   0000058e    r-- .const
  00007960    00007960    00000280   00000280    r-- .cinit
20000140    20000140    00008000   00000000    r--
  20000140    20000140    00008000   00000000    r-- .priheap
20008140    20008140    00000d8c   00000000    rw-
  20008140    20008140    000007cf   00000000    rw- .data
  20008910    20008910    000005bc   00000000    rw- .bss
2000fc00    2000fc00    00000400   00000000    rw-
  2000fc00    2000fc00    00000400   00000000    rw- .stack


SECTION ALLOCATION MAP

 output                                  attributes/
section   page    origin      length       input sections
--------  ----  ----------  ----------   ----------------
.text      0    00000040    0000738a     
                  00000040    00000a4e     rtsv7M4_T_le_v4SPD16_eabi.lib : _printfi.c.obj (.text:__TI_printfi)
                  00000a8e    00000002     ti_drivers_config.obj (.text:Board_initHook)
                  00000a90    000002f8     drivers_msp432p401x.aem4f : PowerMSP432.oem4f (.text:Power_sleep)
                  00000d88    0000028a     msp432p4xx_driverlib.lib : pcm.o (.text:__PCM_setPowerStateAdvanced)
                  00001012    00000002     drivers_msp432p401x.aem4f : I2CMSP432.oem4f (.text:I2CMSP432_init)
                  00001014    00000288                               : PowerMSP432.oem4f (.text:initPerfControl)
                  0000129c    00000270     rtsv7M4_T_le_v4SPD16_eabi.lib : _printfi.c.obj (.text:_pconv_a)
                  0000150c    000001f8     drivers_msp432p401x.aem4f : I2CMSP432.oem4f (.text:I2CMSP432_open)
                  00001704    000001d0     rtsv7M4_T_le_v4SPD16_eabi.lib : _printfi.c.obj (.text:_pconv_g)
                  000018d4    000001b6                                   : fd_add_t2.asm.obj (.text)
                  00001a8a    00000184     drivers_msp432p401x.aem4f : I2CMSP432.oem4f (.text:I2CMSP432_hwiIntFxn)
                  00001c0e    00000002     dpl_msp432p401x.aem4f : PowerMSP432_tirtos.oem4f (.text:PowerMSP432_initPolicy)
                  00001c10    0000015c     msp432p4xx_driverlib.lib : pcm.o (.text:__PCM_setPowerModeAdvanced)
                  00001d6c    0000013c     rtsv7M4_T_le_v4SPD16_eabi.lib : _printfi.c.obj (.text:_pconv_e)
                  00001ea8    00000136                                   : fd_div_t2.asm.obj (.text)
                  00001fde    00000002                                   : _lock.c.obj (.text:_nop)
                  00001fe0    00000130     sysbios.aem4f : BIOS.obj (.text:ti_sysbios_knl_Semaphore_pend__E)
                  00002110    00000124     rtsv7M4_T_le_v4SPD16_eabi.lib : _printfi.c.obj (.text:fcvt)
                  00002234    0000011c     drivers_msp432p401x.aem4f : I2CMSP432.oem4f (.text:primeTransfer)
                  00002350    00000114     rtsv7M4_T_le_v4SPD16_eabi.lib : fputs.c.obj (.text:fputs)
                  00002464    00000110                                   : s_scalbn.c.obj (.text:scalbn)
                  00002574    00000108     msp432p4xx_driverlib.lib : pcm.o (.text:__PCM_setCoreVoltageLevelAdvanced)
                  0000267c    00000004                              : cpu.o (.text:CPU_wfi)
                  00002680    00000108     sysbios.aem4f : BIOS.obj (.text:ti_sysbios_knl_Task_postInit__I)
                  00002788    00000108                   : BIOS.obj (.text:xdc_runtime_Startup_startMods__I)
                  00002890    00000104     i2cmasterexample1.obj (.text:mainThread)
                  00002994    00000004     dpl_msp432p401x.aem4f : HwiP_tirtos.oem4f (.text:HwiP_disable)
                  00002998    00000104     sysbios.aem4f : BIOS.obj (.text:ti_sysbios_knl_Task_Instance_finalize__E)
                  00002a9c    000000fc     rtsv7M4_T_le_v4SPD16_eabi.lib : fd_mul_t2.asm.obj (.text)
                  00002b98    000000f8     sysbios.aem4f : BIOS.obj (.text:ti_sysbios_family_arm_msp432_init_Boot_configureClocksHigh)
                  00002c90    000000f0     drivers_msp432p401x.aem4f : I2CMSP432.oem4f (.text:I2CMSP432_transfer)
                  00002d80    000000f0     sysbios.aem4f : BIOS.obj (.text:pthread_create)
                  00002e70    000000f0                   : m3_Hwi_asm.obj (.text:ti_sysbios_family_arm_m3_Hwi_dispatch__I)
                  00002f60    000000e4     msp432p4xx_driverlib.lib : cs.o (.text:CS_startHFXTWithTimeout)
                  00003044    00000004     dpl_msp432p401x.aem4f : SemaphoreP_tirtos.oem4f (.text:SemaphoreP_post)
                  00003048    000000e4     sysbios.aem4f : BIOS.obj (.text:ti_sysbios_knl_Task_Instance_init__E)
                  0000312c    000000e0     msp432p4xx_driverlib.lib : cs.o (.text:CS_startLFXTWithTimeout)
                  0000320c    000000dc                              : cs.o (.text:_CSGetHFXTFrequency)
                  000032e8    000000dc     rtsv7M4_T_le_v4SPD16_eabi.lib : setvbuf.c.obj (.text:setvbuf)
                  000033c4    00000004                                   : printf.c.obj (.text:_outc)
                  000033c8    000000d0     sysbios.aem4f : BIOS.obj (.text:ti_sysbios_heaps_HeapMem_alloc__E)
                  00003498    000000b8                   : BIOS.obj (.text:ti_sysbios_family_arm_m3_Hwi_Instance_init__E)
                  00003550    000000b1     rtsv7M4_T_le_v4SPD16_eabi.lib : _printfi.c.obj (.text:_ltostr)
                  00003601    00000001     --HOLE-- [fill = 0]
                  00003602    000000ac     drivers_msp432p401x.aem4f : I2CMSP432.oem4f (.text:I2CMSP432_cancel)
                  000036ae    00000002     rtsv7M4_T_le_v4SPD16_eabi.lib : div0.asm.obj (.text)
                  000036b0    000000a8     sysbios.aem4f : BIOS.obj (.text:ti_sysbios_family_arm_msp432_Timer_periodicStub__E)
                  00003758    000000a6                   : BIOS.obj (.text:xdc_runtime_Core_createObject__I)
                  000037fe    00000002     release_pem4f.oem4f (.text:ti_sysbios_BIOS_nullFunc__I)
                  00003800    000000a4     sysbios.aem4f : BIOS.obj (.text:ti_sysbios_knl_Task_setPri__E)
                  000038a4    000000a0     auto_init.aem4f : auto_init.oem4f (.text)
                  00003944    0000009c     drivers_msp432p401x.aem4f : PowerMSP432.oem4f (.text:Power_init)
                  000039e0    0000009c     rtsv7M4_T_le_v4SPD16_eabi.lib : memcpy_t2.asm.obj (.text)
                  00003a7c    00000096                                   : ull_div_t2.asm.obj (.text)
                  00003b12    00000006     drivers_msp432p401x.aem4f : I2CMSP432.oem4f (.text:I2CMSP432_control)
                  00003b18    00000094     sysbios.aem4f : BIOS.obj (.text:_pthread_removeThreadKeys)
                  00003bac    00000004     rtsv7M4_T_le_v4SPD16_eabi.lib : printf.c.obj (.text:_outs)
                  00003bb0    00000094     sysbios.aem4f : BIOS.obj (.text:ti_sysbios_family_arm_m3_Hwi_initNVIC__E)
                  00003c44    00000004     release_pem4f.oem4f (.text:ti_sysbios_BIOS_RtsGateProxy_enter__E)
                  00003c48    00000094     sysbios.aem4f : BIOS.obj (.text:ti_sysbios_knl_Task_exit__E)
                  00003cdc    00000004     release_pem4f.oem4f (.text:ti_sysbios_BIOS_RtsGateProxy_leave__E)
                  00003ce0    00000090     sysbios.aem4f : BIOS.obj (.text:ti_sysbios_knl_Task_Module_startup__E)
                  00003d70    0000008c     rtsv7M4_T_le_v4SPD16_eabi.lib : fputc.c.obj (.text:fputc)
                  00003dfc    0000008c     sysbios.aem4f : m3_TaskSupport_asm.obj (.text:ti_sysbios_family_arm_m3_TaskSupport_buildTaskStack)
                  00003e88    0000008c                   : BIOS.obj (.text:xdc_runtime_Memory_alloc__E)
                  00003f14    00000086     rtsv7M4_T_le_v4SPD16_eabi.lib : fd_cmp_t2.asm.obj (.text:__aeabi_cdcmple)
                  00003f9a    00000086                                   : fd_cmp_t2.asm.obj (.text:__aeabi_cdrcmple)
                  00004020    00000086     sysbios.aem4f : BIOS.obj (.text:xdc_runtime_Core_constructObject__I)
                  000040a6    00000002     --HOLE-- [fill = 0]
                  000040a8    00000084     msp432p4xx_driverlib.lib : pcm.o (.text:PCM_gotoLPM3)
                  0000412c    00000084     drivers_msp432p401x.aem4f : PowerMSP432.oem4f (.text:restartHFXT)
                  000041b0    00000084     sysbios.aem4f : BIOS.obj (.text:ti_sysbios_family_arm_m3_Hwi_postInit__I)
                  00004234    00000004     release_pem4f.oem4f (.text:ti_sysbios_family_arm_m3_Hwi_delete)
                  00004238    00000084     sysbios.aem4f : BIOS.obj (.text:ti_sysbios_heaps_HeapMem_free__E)
                  000042bc    00000080     i2cmasterexample1.obj (.text:i2cWrite)
                  0000433c    00000004     release_pem4f.oem4f (.text:ti_sysbios_family_arm_m3_TaskSupport_Module__startupDone__S)
                  00004340    00000080     sysbios.aem4f : BIOS.obj (.text:ti_sysbios_knl_Clock_workFunc__E)
                  000043c0    0000007a     rtsv7M4_T_le_v4SPD16_eabi.lib : memset_t2.asm.obj (.text)
                  0000443a    00000002     --HOLE-- [fill = 0]
                  0000443c    00000078     i2cmasterexample1.obj (.text:i2cRead)
                  000044b4    00000076     drivers_msp432p401x.aem4f : I2CMSP432.oem4f (.text:I2CMSP432_close)
                  0000452a    00000002     --HOLE-- [fill = 0]
                  0000452c    00000074     rtsv7M4_T_le_v4SPD16_eabi.lib : fclose.c.obj (.text:__TI_closefile)
                  000045a0    00000070     sysbios.aem4f : BIOS.obj (.text:ti_sysbios_heaps_HeapMem_initPrimary__I)
                  00004610    0000006e     rtsv7M4_T_le_v4SPD16_eabi.lib : _printfi.c.obj (.text:_mcpy)
                  0000467e    0000006e                                   : fd_tos_t2.asm.obj (.text)
                  000046ec    0000006c                                   : hostrename.c.obj (.text:HOSTrename)
                  00004758    0000006c     msp432p4xx_driverlib.lib : i2c.o (.text:I2C_masterSendMultiByteFinish)
                  000047c4    0000006c     i2cmasterexample1.obj (.text:MPUget3Axis)
                  00004830    0000006c     sysbios.aem4f : BIOS.obj (.text:ti_sysbios_knl_Swi_restoreHwi__E)
                  0000489c    00000068     rtsv7M4_T_le_v4SPD16_eabi.lib : hostlseek.c.obj (.text:HOSTlseek)
                  00004904    00000068     drivers_msp432p401x.aem4f : PowerMSP432.oem4f (.text:PowerMSP432_getFreqs)
                  0000496c    00000068     rtsv7M4_T_le_v4SPD16_eabi.lib : copy_decompress_lzss.c.obj (.text:decompress:lzss:__TI_decompress_lzss)
                  000049d4    00000068     drivers_msp432p401x.aem4f : I2CMSP432.oem4f (.text:initHw)
                  00004a3c    00000068     rtsv7M4_T_le_v4SPD16_eabi.lib : printf.c.obj (.text:printf)
                  00004aa4    00000004     release_pem4f.oem4f (.text:ti_sysbios_heaps_HeapMem_Module_GateProxy_enter__E)
                  00004aa8    00000066     sysbios.aem4f : BIOS.obj (.text:xdc_runtime_Core_deleteObject__I)
                  00004b0e    00000002     --HOLE-- [fill = 0]
                  00004b10    00000064     rtsv7M4_T_le_v4SPD16_eabi.lib : s_frexp.c.obj (.text:frexp)
                  00004b74    00000064                                   : fseek.c.obj (.text:fseek)
                  00004bd8    00000064     main_tirtos.obj (.text:main)
                  00004c3c    00000004     release_pem4f.oem4f (.text:ti_sysbios_heaps_HeapMem_Module_GateProxy_leave__E)
                  00004c40    00000064     sysbios.aem4f : BIOS.obj (.text:pthread_exit)
                  00004ca4    00000004     release_pem4f.oem4f (.text:ti_sysbios_knl_Clock_TimerProxy_getMaxTicks__E)
                  00004ca8    00000064     sysbios.aem4f : BIOS.obj (.text:ti_sysbios_family_arm_m3_Hwi_dispatchC__I)
                  00004d0c    00000062     rtsv7M4_T_le_v4SPD16_eabi.lib : _io_perm.c.obj (.text:__TI_wrt_ok)
                  00004d6e    00000002     --HOLE-- [fill = 0]
                  00004d70    00000060                                   : hostopen.c.obj (.text:HOSTopen)
                  00004dd0    00000060     sysbios.aem4f : BIOS.obj (.text:ti_sysbios_knl_Semaphore_post__E)
                  00004e30    00000060                   : BIOS.obj (.text:ti_sysbios_knl_Swi_run__I)
                  00004e90    0000005e     msp432p4xx_driverlib.lib : pcm.o (.text:PCM_getCoreVoltageLevel)
                  00004eee    00000002     --HOLE-- [fill = 0]
                  00004ef0    0000005c     rtsv7M4_T_le_v4SPD16_eabi.lib : close.c.obj (.text:close)
                  00004f4c    0000005c     i2cmasterexample1.obj (.text:startup)
                  00004fa8    0000005c     sysbios.aem4f : BIOS.obj (.text:ti_sysbios_knl_Swi_schedule__I)
                  00005004    00000004     release_pem4f.oem4f (.text:ti_sysbios_knl_Semaphore_delete)
                  00005008    0000005c     sysbios.aem4f : BIOS.obj (.text:ti_sysbios_knl_Task_startCore__E)
                  00005064    00000004     release_pem4f.oem4f (.text:ti_sysbios_knl_Task_delete)
                  00005068    0000005c     sysbios.aem4f : BIOS.obj (.text:xdc_runtime_Startup_exec__E)
                  000050c4    0000005a     msp432p4xx_driverlib.lib : pcm.o (.text:PCM_getPowerMode)
                  0000511e    00000002     --HOLE-- [fill = 0]
                  00005120    00000058     rtsv7M4_T_le_v4SPD16_eabi.lib : hostread.c.obj (.text:HOSTread)
                  00005178    00000058                                   : hostwrite.c.obj (.text:HOSTwrite)
                  000051d0    00000058     boot.aem4f : boot.oem4f (.text)
                  00005228    00000058     sysbios.aem4f : m3_Hwi_asm_switch.obj (.text:ti_sysbios_family_arm_m3_Hwi_initStacks__E)
                  00005280    00000056     rtsv7M4_T_le_v4SPD16_eabi.lib : _printfi.c.obj (.text:_pconv_f)
                  000052d6    00000056     drivers_msp432p401x.aem4f : I2CMSP432.oem4f (.text:completeTransfer)
                  0000532c    00000054     msp432p4xx_driverlib.lib : pcm.o (.text:PCM_shutdownDevice)
                  00005380    00000054     rtsv7M4_T_le_v4SPD16_eabi.lib : ltoa.c.obj (.text:ltoa)
                  000053d4    00000054     release_pem4f.oem4f (.text:ti_sysbios_family_arm_m3_Hwi_create)
                  00005428    00000054     sysbios.aem4f : BIOS.obj (.text:ti_sysbios_family_arm_msp432_Timer_initDevice__I)
                  0000547c    00000004     release_pem4f.oem4f (.text:xdc_runtime_System_Module_GateProxy_enter__E)
                  00005480    00000054     sysbios.aem4f : BIOS.obj (.text:xdc_runtime_Core_assignLabel__I)
                  000054d4    00000052     rtsv7M4_T_le_v4SPD16_eabi.lib : _printfi.c.obj (.text:_ecpy)
                  00005526    00000002     --HOLE-- [fill = 0]
                  00005528    00000050     sysbios.aem4f : BIOS.obj (.text:ti_sysbios_family_arm_m3_Hwi_Module_startup__E)
                  00005578    00000050     release_pem4f.oem4f (.text:ti_sysbios_knl_Task_create)
                  000055c8    00000050     i2cmasterexample1.obj (.text:wait)
                  00005618    0000004c     dpl_msp432p401x.aem4f : PowerMSP432_tirtos.oem4f (.text:PowerMSP432_sleepPolicy)
                  00005664    0000004c     rtsv7M4_T_le_v4SPD16_eabi.lib : fflush.c.obj (.text:__TI_doflush)
                  000056b0    0000004c                                   : atoi.c.obj (.text:atoi)
                  000056fc    0000004c                                   : cpy_tbl.c.obj (.text:copy_in)
                  00005748    0000004c     sysbios.aem4f : BIOS.obj (.text:ti_sysbios_family_arm_msp432_Timer_postInit__I)
                  00005794    00000004     release_pem4f.oem4f (.text:xdc_runtime_System_Module_GateProxy_leave__E)
                  00005798    0000004c     sysbios.aem4f : BIOS.obj (.text:ti_sysbios_family_arm_msp432_Timer_start__E)
                  000057e4    00000004     --HOLE-- [fill = 0]
                  000057e8    0000004c                   : BIOS.obj (.text:ti_sysbios_heaps_HeapMem_getStats__E)
                  00005834    00000004     --HOLE-- [fill = 0]
                  00005838    0000004c                   : BIOS.obj (.text:ti_sysbios_knl_Swi_runLoop__I)
                  00005884    00000004     --HOLE-- [fill = 0]
                  00005888    0000004c                   : BIOS.obj (.text:ti_sysbios_knl_Task_allBlockedFunction__I)
                  000058d4    00000004     --HOLE-- [fill = 0]
                  000058d8    0000004c                   : BIOS.obj (.text:ti_sysbios_knl_Task_schedule__I)
                  00005924    00000048     drivers_msp432p401x.aem4f : PowerMSP432.oem4f (.text:Power_releaseConstraint)
                  0000596c    00000048     rtsv7M4_T_le_v4SPD16_eabi.lib : fd_toi_t2.asm.obj (.text)
                  000059b4    00000004     --HOLE-- [fill = 0]
                  000059b8    00000048     sysbios.aem4f : BIOS.obj (.text:ti_sysbios_family_arm_m3_Hwi_disableInterrupt__E)
                  00005a00    00000048                   : BIOS.obj (.text:ti_sysbios_family_arm_m3_Hwi_enableInterrupt__E)
                  00005a48    00000048                   : BIOS.obj (.text:ti_sysbios_knl_Mailbox_Module_startup__E)
                  00005a90    00000048                   : BIOS.obj (.text:xdc_runtime_Core_assignParams__I)
                  00005ad8    00000044     rtsv7M4_T_le_v4SPD16_eabi.lib : hostclose.c.obj (.text:HOSTclose)
                  00005b1c    00000044                                   : hostunlink.c.obj (.text:HOSTunlink)
                  00005b60    00000044     drivers_msp432p401x.aem4f : I2C.oem4f (.text:I2C_init)
                  00005ba4    00000044     rtsv7M4_T_le_v4SPD16_eabi.lib : getdevice.c.obj (.text:getdevice)
                  00005be8    00000044     drivers_msp432p401x.aem4f : I2CMSP432.oem4f (.text:perfChangeNotifyFxn)
                  00005c2c    00000004     --HOLE-- [fill = 0]
                  00005c30    00000044     sysbios.aem4f : BIOS.obj (.text:ti_sysbios_family_arm_m3_Hwi_getStackInfo__E)
                  00005c74    00000004     --HOLE-- [fill = 0]
                  00005c78    00000044                   : BIOS.obj (.text:ti_sysbios_knl_Swi_post__E)
                  00005cbc    00000040     dpl_msp432p401x.aem4f : HwiP_tirtos.oem4f (.text:HwiP_create)
                  00005cfc    00000040     drivers_msp432p401x.aem4f : I2C.oem4f (.text:I2C_open)
                  00005d3c    00000040     i2cmasterexample1.obj (.text:MPUgetTemp)
                  00005d7c    00000004     --HOLE-- [fill = 0]
                  00005d80    00000040     sysbios.aem4f : BIOS.obj (.text:ti_sysbios_family_arm_msp432_Timer_Module_startup__E)
                  00005dc0    00000040                   : BIOS.obj (.text:ti_sysbios_family_arm_msp432_Timer_startup__E)
                  00005e00    00000040                   : BIOS.obj (.text:ti_sysbios_heaps_HeapMem_Instance_init__E)
                  00005e40    0000003e     rtsv7M4_T_le_v4SPD16_eabi.lib : _printfi.c.obj (.text:_fcpy)
                  00005e7e    00000002     --HOLE-- [fill = 0]
                  00005e80    0000003c     dpl_msp432p401x.aem4f : SemaphoreP_tirtos.oem4f (.text:SemaphoreP_create)
                  00005ebc    00000004     --HOLE-- [fill = 0]
                  00005ec0    0000003c     sysbios.aem4f : BIOS.obj (.text:ti_sysbios_family_arm_m3_Hwi_Instance_finalize__E)
                  00005efc    00000004     --HOLE-- [fill = 0]
                  00005f00    0000003c                   : BIOS.obj (.text:ti_sysbios_family_arm_msp432_Seconds_Module_startup__E)
                  00005f3c    00000004     --HOLE-- [fill = 0]
                  00005f40    0000003c                   : BIOS.obj (.text:ti_sysbios_knl_Swi_restore__E)
                  00005f7c    00000038     drivers_msp432p401x.aem4f : PowerMSP432.oem4f (.text:Power_setConstraint)
                  00005fb4    00000038     rtsv7M4_T_le_v4SPD16_eabi.lib : trgmsg.c.obj (.text:__TI_writemsg)
                  00005fec    00000038     drivers_msp432p401x.aem4f : PowerMSP432.oem4f (.text:notify)
                  00006024    00000038     rtsv7M4_T_le_v4SPD16_eabi.lib : fs_tod_t2.asm.obj (.text)
                  0000605c    00000004     --HOLE-- [fill = 0]
                  00006060    00000038     sysbios.aem4f : BIOS.obj (.text:xdc_runtime_System_atexit__E)
                  00006098    00000036     rtsv7M4_T_le_v4SPD16_eabi.lib : strncpy.c.obj (.text:strncpy)
                  000060ce    00000002     --HOLE-- [fill = 0]
                  000060d0    00000034                                   : fopen.c.obj (.text:__TI_cleanup)
                  00006104    00000034                                   : trgmsg.c.obj (.text:__TI_readmsg)
                  00006138    00000034     release_pem4f.oem4f (.text:ti_sysbios_knl_Semaphore_create)
                  0000616c    00000004     --HOLE-- [fill = 0]
                  00006170    00000032     sysbios.aem4f : BIOS.obj (.text:ti_sysbios_hal_Hwi_initStack)
                  000061a2    00000002     --HOLE-- [fill = 0]
                  000061a4    00000030     rtsv7M4_T_le_v4SPD16_eabi.lib : getdevice.c.obj (.text:finddevice)
                  000061d4    00000030     drivers_msp432p401x.aem4f : I2CMSP432.oem4f (.text:mapPin)
                  00006204    00000030     release_pem4f.oem4f (.text:ti_sysbios_BIOS_atExitFunc__I)
                  00006234    00000030     release_pem4f.oem4f (.text:ti_sysbios_BIOS_startFunc__I)
                  00006264    00000004     --HOLE-- [fill = 0]
                  00006268    00000030     sysbios.aem4f : BIOS.obj (.text:ti_sysbios_family_arm_m3_TaskSupport_start__E)
                  00006298    00000030     release_pem4f.oem4f (.text:ti_sysbios_gates_GateHwi_Object__create__S)
                  000062c8    00000030     release_pem4f.oem4f (.text:ti_sysbios_gates_GateMutex_Object__create__S)
                  000062f8    00000030     sysbios.aem4f : BIOS.obj (.text:ti_sysbios_gates_GateMutex_enter__E)
                  00006328    00000030     release_pem4f.oem4f (.text:ti_sysbios_heaps_HeapMem_Object__create__S)
                  00006358    00000030     sysbios.aem4f : BIOS.obj (.text:ti_sysbios_knl_Mailbox_postInit__I)
                  00006388    00000030     release_pem4f.oem4f (.text:ti_sysbios_knl_Semaphore_construct)
                  000063b8    00000030     sysbios.aem4f : BIOS.obj (.text:ti_sysbios_knl_Semaphore_pendTimeout__I)
                  000063e8    00000030                   : BIOS.obj (.text:ti_sysbios_knl_Task_processVitalTaskFlag__I)
                  00006418    00000030                   : BIOS.obj (.text:ti_sysbios_knl_Task_restore__E)
                  00006448    00000030                   : BIOS.obj (.text:ti_sysbios_knl_Task_unblockI__E)
                  00006478    00000030                   : BIOS.obj (.text:xdc_runtime_System_processAtExit__E)
                  000064a8    0000002e     rtsv7M4_T_le_v4SPD16_eabi.lib : i_tofd_t2.asm.obj (.text)
                  000064d6    0000002e     release_pem4f.oem4f (.text:ti_sysbios_rts_MemAlloc_alloc)
                  00006504    0000002c     dpl_msp432p401x.aem4f : PowerMSP432_tirtos.oem4f (.text:PowerMSP432_updateFreqs)
                  00006530    0000002c     msp432p4xx_driverlib.lib : rtc_c.o (.text:RTC_C_holdClock)
                  0000655c    00000004     --HOLE-- [fill = 0]
                  00006560    0000002c     sysbios.aem4f : BIOS.obj (.text:_pthread_cleanupFxn)
                  0000658c    00000004     --HOLE-- [fill = 0]
                  00006590    0000002c                   : BIOS.obj (.text:_pthread_delete$43)
                  000065bc    0000002c     release_pem4f.oem4f (.text:ti_sysbios_knl_Clock_doTick__I)
                  000065e8    0000002c     release_pem4f.oem4f (.text:ti_sysbios_knl_Queue_construct)
                  00006614    0000002c     rtsv7M4_T_le_v4SPD16_eabi.lib : unlink.c.obj (.text:unlink)
                  00006640    00000028     i2cmasterexample1.obj (.text:MPUget1Axis)
                  00006668    00000028     msp432p4xx_driverlib.lib : pcm.o (.text:PCM_gotoLPM0)
                  00006690    00000028     drivers_msp432p401x.aem4f : PowerMSP432.oem4f (.text:Power_registerNotify)
                  000066b8    00000028                               : PowerMSP432.oem4f (.text:disableFaultCounter)
                  000066e0    00000028                               : PowerMSP432.oem4f (.text:disableHFXT)
                  00006708    00000028     rtsv7M4_T_le_v4SPD16_eabi.lib : lseek.c.obj (.text:lseek)
                  00006730    00000028     sysbios.aem4f : m3_Hwi_asm.obj (.text:ti_sysbios_family_arm_m3_Hwi_excHandlerAsm__I)
                  00006758    00000028                   : BIOS.obj (.text:ti_sysbios_knl_Clock_addI__E)
                  00006780    00000028                   : BIOS.obj (.text:ti_sysbios_knl_Swi_Module_startup__E)
                  000067a8    00000028     rtsv7M4_T_le_v4SPD16_eabi.lib : write.c.obj (.text:write)
                  000067d0    00000026     drivers_msp432p401x.aem4f : List.oem4f (.text:List_put)
                  000067f6    00000026                               : List.oem4f (.text:List_remove)
                  0000681c    00000026     sysbios.aem4f : m3_Hwi_asm.obj (.text:ti_sysbios_family_arm_m3_Hwi_pendSV__I)
                  00006842    00000002     --HOLE-- [fill = 0]
                  00006844    00000024     msp432p4xx_driverlib.lib : wdt_a.o (.text:WDT_A_holdTimer)
                  00006868    00000024     sysbios.aem4f : BIOS.obj (.text:pthread_attr_init)
                  0000688c    00000024     release_pem4f.oem4f (.text:ti_sysbios_BIOS_registerRTSLock__I)
                  000068b0    00000024     release_pem4f.oem4f (.text:ti_sysbios_BIOS_removeRTSLock__I)
                  000068d4    00000004     --HOLE-- [fill = 0]
                  000068d8    00000024     sysbios.aem4f : BIOS.obj (.text:ti_sysbios_family_arm_msp432_ClockFreqs_setFrequency__E)
                  000068fc    00000024     release_pem4f.oem4f (.text:ti_sysbios_gates_GateMutex_Object__delete__S)
                  00006920    00000024     sysbios.aem4f : BIOS.obj (.text:ti_sysbios_knl_Clock_Module_startup__E)
                  00006944    00000004     --HOLE-- [fill = 0]
                  00006948    00000024                   : BIOS.obj (.text:ti_sysbios_knl_Semaphore_Instance_init__E)
                  0000696c    00000024     release_pem4f.oem4f (.text:ti_sysbios_knl_Semaphore_Object__delete__S)
                  00006990    00000024     sysbios.aem4f : BIOS.obj (.text:ti_sysbios_knl_Task_restoreHwi__E)
                  000069b4    00000004     --HOLE-- [fill = 0]
                  000069b8    00000024                   : BIOS.obj (.text:xdc_runtime_Error_policyMin__E)
                  000069dc    00000020     msp432p4xx_driverlib.lib : cs.o (.text:CS_setExternalClockSourceFrequency)
                  000069fc    00000020     drivers_msp432p401x.aem4f : PowerMSP432.oem4f (.text:Power_unregisterNotify)
                  00006a1c    00000020     rtsv7M4_T_le_v4SPD16_eabi.lib : memchr.c.obj (.text:memchr)
                  00006a3c    00000020     release_pem4f.oem4f (.text:ti_sysbios_BIOS_rtsLock__I)
                  00006a5c    00000020     release_pem4f.oem4f (.text:ti_sysbios_family_arm_m3_Hwi_Object__delete__S)
                  00006a7c    00000020     release_pem4f.oem4f (.text:ti_sysbios_gates_GateHwi_Object__delete__S)
                  00006a9c    00000020     release_pem4f.oem4f (.text:ti_sysbios_heaps_HeapMem_Object__delete__S)
                  00006abc    00000004     --HOLE-- [fill = 0]
                  00006ac0    00000020     sysbios.aem4f : BIOS.obj (.text:ti_sysbios_knl_Idle_run__E)
                  00006ae0    00000020     release_pem4f.oem4f (.text:ti_sysbios_knl_Semaphore_destruct)
                  00006b00    00000020     release_pem4f.oem4f (.text:ti_sysbios_knl_Task_Object__delete__S)
                  00006b20    0000001e     sysbios.aem4f : m3_Hwi_asm_switch.obj (.text:ti_sysbios_family_xxx_Hwi_switchAndRunFunc)
                  00006b3e    0000001e     i2cmasterexample1.obj (.text:two8To16)
                  00006b5c    0000001c     i2cmasterexample1.obj (.text:MPUgetRegister)
                  00006b78    0000001c     rtsv7M4_T_le_v4SPD16_eabi.lib : memccpy.c.obj (.text:memccpy)
                  00006b94    00000004     --HOLE-- [fill = 0]
                  00006b98    0000001c     sysbios.aem4f : BIOS.obj (.text:ti_sysbios_family_arm_m3_Hwi_excHandler__I)
                  00006bb4    00000004     --HOLE-- [fill = 0]
                  00006bb8    0000001c                   : BIOS.obj (.text:ti_sysbios_gates_GateMutex_Instance_init__E)
                  00006bd4    0000001c     release_pem4f.oem4f (.text:ti_sysbios_knl_Queue_destruct)
                  00006bf0    0000001c     sysbios.aem4f : BIOS.obj (.text:ti_sysbios_knl_Queue_put__E)
                  00006c0c    00000004     --HOLE-- [fill = 0]
                  00006c10    0000001c                   : BIOS.obj (.text:ti_sysbios_knl_Task_enter__I)
                  00006c2c    00000004     --HOLE-- [fill = 0]
                  00006c30    0000001c                   : BIOS.obj (.text:ti_sysbios_rts_ti_ReentSupport_getReent__F)
                  00006c4c    00000004     --HOLE-- [fill = 0]
                  00006c50    0000001c                   : BIOS.obj (.text:xdc_runtime_Memory_valloc__E)
                  00006c6c    00000004     --HOLE-- [fill = 0]
                  00006c70    0000001c                   : BIOS.obj (.text:xdc_runtime_System_abort__E)
                  00006c8c    0000001a     i2cmasterexample1.obj (.text:MPUsetRegister)
                  00006ca6    0000001a     rtsv7M4_T_le_v4SPD16_eabi.lib : s_copysign.c.obj (.text:copysign)
                  00006cc0    0000001a     release_pem4f.oem4f (.text:free)
                  00006cda    00000002     --HOLE-- [fill = 0]
                  00006cdc    00000018     release_pem4f.oem4f (.text:.bootCodeSection:ti_sysbios_family_arm_msp432_init_Boot_init__I)
                  00006cf4    00000018     drivers_msp432p401x.aem4f : I2C.oem4f (.text:I2C_transfer)
                  00006d0c    00000018     msp432p4xx_driverlib.lib : sysctl_a.o (.text:SysCtl_A_disableNMISource)
                  00006d24    00000018                              : sysctl_a.o (.text:SysCtl_A_enableNMISource)
                  00006d3c    00000018     rtsv7M4_T_le_v4SPD16_eabi.lib : args_main.c.obj (.text:_args_main)
                  00006d54    00000018                                   : strcmp.c.obj (.text:strcmp)
                  00006d6c    00000018     release_pem4f.oem4f (.text:ti_sysbios_BIOS_rtsUnlock__I)
                  00006d84    00000018     release_pem4f.oem4f (.text:ti_sysbios_family_arm_m3_Hwi_Module__startupDone__F)
                  00006d9c    00000018     sysbios.aem4f : m3_TaskSupport_asm.obj (.text:ti_sysbios_family_arm_m3_TaskSupport_swap__E)
                  00006db4    00000018     release_pem4f.oem4f (.text:ti_sysbios_family_arm_msp432_Timer_Module__startupDone__F)
                  00006dcc    00000018     release_pem4f.oem4f (.text:ti_sysbios_gates_GateHwi_Handle__label__S)
                  00006de4    00000018     release_pem4f.oem4f (.text:ti_sysbios_gates_GateMutex_Handle__label__S)
                  00006dfc    00000004     --HOLE-- [fill = 0]
                  00006e00    00000018     sysbios.aem4f : BIOS.obj (.text:ti_sysbios_gates_GateMutex_leave__E)
                  00006e18    00000018     release_pem4f.oem4f (.text:ti_sysbios_heaps_HeapMem_Handle__label__S)
                  00006e30    00000018     release_pem4f.oem4f (.text:ti_sysbios_rts_ti_ReentSupport_getTlsAddr__I)
                  00006e48    00000018     sysbios.aem4f : BIOS.obj (.text:xdc_runtime_Error_init__E)
                  00006e60    00000018                   : BIOS.obj (.text:xdc_runtime_System_exit__E)
                  00006e78    00000016     rtsv7M4_T_le_v4SPD16_eabi.lib : strchr.c.obj (.text:strchr)
                  00006e8e    00000016     release_pem4f.oem4f (.text:ti_sysbios_BIOS_exitFunc__I)
                  00006ea4    00000004     --HOLE-- [fill = 0]
                  00006ea8    00000016     sysbios.aem4f : BIOS.obj (.text:ti_sysbios_knl_Task_unblock__E)
                  00006ebe    00000002     --HOLE-- [fill = 0]
                  00006ec0    00000014     msp432p4xx_driverlib.lib : pcm.o (.text:PCM_getPowerState)
                  00006ed4    00000014     drivers_msp432p401x.aem4f : PowerMSP432.oem4f (.text:Power_idleFunc)
                  00006ee8    00000014     sysbios.aem4f : BIOS.obj (.text:pthread_attr_setschedparam)
                  00006efc    00000014     rtsv7M4_T_le_v4SPD16_eabi.lib : strcpy.c.obj (.text:strcpy)
                  00006f10    00000014                                   : strlen.c.obj (.text:strlen)
                  00006f24    00000014     release_pem4f.oem4f (.text:ti_sysbios_family_arm_m3_Hwi_Object__get__S)
                  00006f38    00000014     sysbios.aem4f : BIOS.obj (.text:ti_sysbios_family_arm_m3_Hwi_switchFromBootStack__E)
                  00006f4c    00000014     release_pem4f.oem4f (.text:ti_sysbios_heaps_HeapMem_Object__get__S)
                  00006f60    00000014     release_pem4f.oem4f (.text:ti_sysbios_knl_Swi_Object__get__S)
                  00006f74    00000012     dpl_msp432p401x.aem4f : SemaphoreP_tirtos.oem4f (.text:SemaphoreP_pend)
                  00006f86    00000002     --HOLE-- [fill = 0]
                  00006f88    00000012     sysbios.aem4f : BIOS.obj (.text:_pthread_cleanup_pop)
                  00006f9a    00000006     --HOLE-- [fill = 0]
                  00006fa0    00000012                   : BIOS.obj (.text:_pthread_runStub$43)
                  00006fb2    00000006     --HOLE-- [fill = 0]
                  00006fb8    00000012                   : BIOS.obj (.text:ti_sysbios_hal_Hwi_Module_startup__E)
                  00006fca    00000012     rtsv7M4_T_le_v4SPD16_eabi.lib : wcslen.c.obj (.text:wcslen)
                  00006fdc    00000012     release_pem4f.oem4f (.text:xdc_runtime_Startup_exec__I)
                  00006fee    00000010     dpl_msp432p401x.aem4f : HwiP_tirtos.oem4f (.text:HwiP_Params_init)
                  00006ffe    00000002     --HOLE-- [fill = 0]
                  00007000    00000010     drivers_msp432p401x.aem4f : I2C.oem4f (.text:I2C_Params_init)
                  00007010    00000010     msp432p4xx_driverlib.lib : pcm.o (.text:PCM_gotoLPM4)
                  00007020    00000010                              : pcm.o (.text:PCM_setPowerMode)
                  00007030    00000010                              : pcm.o (.text:PCM_setPowerState)
                  00007040    00000010     drivers_msp432p401x.aem4f : PowerMSP432.oem4f (.text:PowerMSP432_getNumPerfLevels)
                  00007050    00000010     msp432p4xx_driverlib.lib : sysctl_a.o (.text:SysCtl_A_getNMISourceStatus)
                  00007060    00000010                              : sysctl.o (.text:SysCtl_getNMISourceStatus)
                  00007070    00000010     sysbios.aem4f : BIOS.obj (.text:ti_sysbios_BIOS_exit__E)
                  00007080    00000010                   : BIOS.obj (.text:ti_sysbios_BIOS_setCpuFreq__E)
                  00007090    00000010                   : BIOS.obj (.text:ti_sysbios_BIOS_setThreadType__E)
                  000070a0    00000010                   : BIOS.obj (.text:ti_sysbios_BIOS_start__E)
                  000070b0    00000010                   : m3_TaskSupport_asm.obj (.text:ti_sysbios_family_arm_m3_TaskSupport_glue)
                  000070c0    00000010                   : BIOS.obj (.text:ti_sysbios_family_arm_msp432_init_Boot_disableWatchdog)
                  000070d0    00000010                   : BIOS.obj (.text:ti_sysbios_gates_GateMutex_Instance_finalize__E)
                  000070e0    00000010     release_pem4f.oem4f (.text:ti_sysbios_knl_Mailbox_Object__get__S)
                  000070f0    00000010     sysbios.aem4f : BIOS.obj (.text:ti_sysbios_knl_Semaphore_Instance_finalize__E)
                  00007100    00000010                   : BIOS.obj (.text:ti_sysbios_knl_Swi_disable__E)
                  00007110    00000010     release_pem4f.oem4f (.text:ti_sysbios_knl_Task_Object__get__S)
                  00007120    00000010     sysbios.aem4f : BIOS.obj (.text:ti_sysbios_knl_Task_disable__E)
                  00007130    00000010                   : BIOS.obj (.text:xdc_runtime_Gate_leaveSystem__E)
                  00007140    00000010                   : BIOS.obj (.text:xdc_runtime_Memory_free__E)
                  00007150    00000010                   : BIOS.obj (.text:xdc_runtime_SysCallback_abort__E)
                  00007160    00000010                   : BIOS.obj (.text:xdc_runtime_SysCallback_exit__E)
                  00007170    0000000e     rtsv7M4_T_le_v4SPD16_eabi.lib : copy_decompress_none.c.obj (.text:decompress:none:__TI_decompress_none)
                  0000717e    00000002     --HOLE-- [fill = 0]
                  00007180    0000000e     sysbios.aem4f : BIOS.obj (.text:pthread_attr_setdetachstate)
                  0000718e    00000002     --HOLE-- [fill = 0]
                  00007190    0000000e                   : BIOS.obj (.text:ti_sysbios_knl_Idle_loop__E)
                  0000719e    00000002     --HOLE-- [fill = 0]
                  000071a0    0000000e                   : BIOS.obj (.text:ti_sysbios_knl_Queue_empty__E)
                  000071ae    0000000c     ti_drivers_config.obj (.text:Board_init)
                  000071ba    0000000c     msp432p4xx_driverlib.lib : cpu.o (.text:CPU_cpsid)
                  000071c6    0000000c                              : cpu.o (.text:CPU_cpsie)
                  000071d2    0000000c     dpl_msp432p401x.aem4f : HwiP_tirtos.oem4f (.text:HwiP_delete)
                  000071de    00000002     --HOLE-- [fill = 0]
                  000071e0    0000000c     drivers_msp432p401x.aem4f : PowerMSP432.oem4f (.text:Power_getConstraintMask)
                  000071ec    0000000c                               : PowerMSP432.oem4f (.text:Power_getPerformanceLevel)
                  000071f8    0000000c     dpl_msp432p401x.aem4f : SemaphoreP_tirtos.oem4f (.text:SemaphoreP_delete)
                  00007204    0000000c     rtsv7M4_T_le_v4SPD16_eabi.lib : _lock.c.obj (.text:_register_lock)
                  00007210    0000000c                                   : _lock.c.obj (.text:_register_unlock)
                  0000721c    0000000c                                   : copy_zero_init.c.obj (.text:decompress:ZI:__TI_zero_init)
                  00007228    0000000c     sysbios.aem4f : BIOS.obj (.text:pthread_self)
                  00007234    0000000c     release_pem4f.oem4f (.text:ti_sysbios_family_arm_m3_Hwi_Params__init__S)
                  00007240    0000000c     sysbios.aem4f : BIOS.obj (.text:ti_sysbios_family_arm_m3_Hwi_disableFxn__E)
                  0000724c    00000004     --HOLE-- [fill = 0]
                  00007250    0000000c                   : BIOS.obj (.text:ti_sysbios_family_arm_m3_TaskSupport_getStackAlignment__E)
                  0000725c    00000004     --HOLE-- [fill = 0]
                  00007260    0000000c                   : BIOS.obj (.text:ti_sysbios_family_arm_msp432_Timer_getMaxTicks__E)
                  0000726c    00000004     --HOLE-- [fill = 0]
                  00007270    0000000c                   : BIOS.obj (.text:ti_sysbios_gates_GateHwi_enter__E)
                  0000727c    0000000c     release_pem4f.oem4f (.text:ti_sysbios_knl_Queue_Object__get__S)
                  00007288    0000000c     release_pem4f.oem4f (.text:ti_sysbios_knl_Semaphore_Params__init__S)
                  00007294    0000000c     release_pem4f.oem4f (.text:ti_sysbios_knl_Task_Params__init__S)
                  000072a0    0000000c     sysbios.aem4f : BIOS.obj (.text:ti_sysbios_knl_Task_self__E)
                  000072ac    00000004     --HOLE-- [fill = 0]
                  000072b0    0000000c                   : BIOS.obj (.text:ti_sysbios_rts_ti_ReentSupport_taskRegHook__I)
                  000072bc    00000004     --HOLE-- [fill = 0]
                  000072c0    0000000c                   : BIOS.obj (.text:xdc_runtime_Gate_enterSystem__E)
                  000072cc    00000004     --HOLE-- [fill = 0]
                  000072d0    0000000c                   : BIOS.obj (.text:xdc_runtime_Memory_calloc__E)
                  000072dc    00000004     --HOLE-- [fill = 0]
                  000072e0    0000000c                   : BIOS.obj (.text:xdc_runtime_Startup_rtsDone__E)
                  000072ec    0000000a     i2cmasterexample1.obj (.text:MPUgetAccel)
                  000072f6    0000000a     i2cmasterexample1.obj (.text:MPUgetGyro)
                  00007300    0000000a     release_pem4f.oem4f (.text:xdc_runtime_IHeap_alloc)
                  0000730a    0000000a     release_pem4f.oem4f (.text:xdc_runtime_IHeap_free)
                  00007314    00000008     dpl_msp432p401x.aem4f : SemaphoreP_tirtos.oem4f (.text:SemaphoreP_Params_init)
                  0000731c    00000008     drivers_msp432p401x.aem4f : I2CMSP432.oem4f (.text:blockingTransferCallback)
                  00007324    00000004     --HOLE-- [fill = 0]
                  00007328    00000008     sysbios.aem4f : BIOS.obj (.text:pthread_attr_setstacksize)
                  00007330    00000008                   : BIOS.obj (.text:ti_sysbios_family_arm_m3_Hwi_doSwiRestore__I)
                  00007338    00000008                   : BIOS.obj (.text:ti_sysbios_family_arm_m3_Hwi_startup__E)
                  00007340    00000006                   : BIOS.obj (.text:ti_sysbios_family_arm_m3_Hwi_doTaskRestore__I)
                  00007346    00000002     --HOLE-- [fill = 0]
                  00007348    00000006                   : BIOS.obj (.text:ti_sysbios_family_arm_m3_Hwi_restoreFxn__E)
                  0000734e    00000002     --HOLE-- [fill = 0]
                  00007350    00000006                   : BIOS.obj (.text:ti_sysbios_gates_GateHwi_leave__E)
                  00007356    00000002     --HOLE-- [fill = 0]
                  00007358    00000006                   : BIOS.obj (.text:ti_sysbios_heaps_HeapMem_isBlocking__E)
                  0000735e    00000002     --HOLE-- [fill = 0]
                  00007360    00000006                   : BIOS.obj (.text:ti_sysbios_knl_Queue_Instance_init__E)
                  00007366    00000002     --HOLE-- [fill = 0]
                  00007368    00000006                   : BIOS.obj (.text:ti_sysbios_knl_Swi_startup__E)
                  0000736e    00000002     --HOLE-- [fill = 0]
                  00007370    00000006                   : BIOS.obj (.text:xdc_runtime_System_Module_startup__E)
                  00007376    00000002     --HOLE-- [fill = 0]
                  00007378    00000004                   : BIOS.obj (.text:__aeabi_errno_addr)
                  0000737c    00000004     --HOLE-- [fill = 0]
                  00007380    00000004                   : BIOS.obj (.text:ti_sysbios_gates_GateHwi_query__E)
                  00007384    00000004     --HOLE-- [fill = 0]
                  00007388    00000004                   : BIOS.obj (.text:ti_sysbios_gates_GateMutex_query__E)
                  0000738c    00000004     --HOLE-- [fill = 0]
                  00007390    00000004                   : BIOS.obj (.text:ti_sysbios_knl_Task_startup__E)
                  00007394    00000004     --HOLE-- [fill = 0]
                  00007398    00000002                   : BIOS.obj (.text:ti_sysbios_BIOS_linkedWithIncorrectBootLibrary__E)
                  0000739a    00000006     --HOLE-- [fill = 0]
                  000073a0    00000002                   : BIOS.obj (.text:ti_sysbios_gates_GateHwi_Instance_init__E)
                  000073a2    00000006     --HOLE-- [fill = 0]
                  000073a8    00000002                   : BIOS.obj (.text:ti_sysbios_knl_Clock_logTick__E)
                  000073aa    00000006     --HOLE-- [fill = 0]
                  000073b0    00000002                   : BIOS.obj (.text:xdc_runtime_SysCallback_defaultAbort)
                  000073b2    00000006     --HOLE-- [fill = 0]
                  000073b8    00000002                   : BIOS.obj (.text:xdc_runtime_SysCallback_defaultExit)
                  000073ba    00000006     --HOLE-- [fill = 0]
                  000073c0    00000002                   : BIOS.obj (.text:xdc_runtime_System_abortSpin__E)
                  000073c2    00000006     --HOLE-- [fill = 0]
                  000073c8    00000002                   : BIOS.obj (.text:xdc_runtime_System_exitSpin__E)

.const     0    000073cc    0000058e     
                  000073cc    00000101     rtsv7M4_T_le_v4SPD16_eabi.lib : ctype.c.obj (.const:.string:_ctypes_)
                  000074cd    00000003     ti_drivers_config.obj (.const)
                  000074d0    00000048     release_pem4f.oem4f (.const:.string)
                  00007518    0000003c     release_pem4f.oem4f (.const:ti_sysbios_knl_Task_Object__PARAMS__C)
                  00007554    00000038     ti_drivers_config.obj (.const:PowerMSP432_config)
                  0000758c    00000030     release_pem4f.oem4f (.const:ti_sysbios_family_arm_m3_Hwi_Object__PARAMS__C)
                  000075bc    00000028     release_pem4f.oem4f (.const:ti_sysbios_heaps_HeapMem_Module__FXNS__C)
                  000075e4    00000024     release_pem4f.oem4f (.const:ti_sysbios_gates_GateHwi_Module__FXNS__C)
                  00007608    00000024     release_pem4f.oem4f (.const:ti_sysbios_gates_GateMutex_Module__FXNS__C)
                  0000762c    00000024     release_pem4f.oem4f (.const:ti_sysbios_heaps_HeapMem_Object__PARAMS__C)
                  00007650    00000024     release_pem4f.oem4f (.const:ti_sysbios_knl_Semaphore_Object__PARAMS__C)
                  00007674    00000024     release_pem4f.oem4f (.const:xdc_runtime_Startup_sfxnTab__A)
                  00007698    00000020     release_pem4f.oem4f (.const:ti_sysbios_family_arm_m3_Hwi_Object__DESC__C)
                  000076b8    00000020     release_pem4f.oem4f (.const:ti_sysbios_gates_GateHwi_Object__DESC__C)
                  000076d8    00000020     release_pem4f.oem4f (.const:ti_sysbios_gates_GateMutex_Object__DESC__C)
                  000076f8    00000020     release_pem4f.oem4f (.const:ti_sysbios_heaps_HeapMem_Object__DESC__C)
                  00007718    00000020     release_pem4f.oem4f (.const:ti_sysbios_knl_Queue_Object__DESC__C)
                  00007738    00000020     release_pem4f.oem4f (.const:ti_sysbios_knl_Semaphore_Object__DESC__C)
                  00007758    00000020     release_pem4f.oem4f (.const:ti_sysbios_knl_Task_Object__DESC__C)
                  00007778    00000018     drivers_msp432p401x.aem4f : I2CMSP432.oem4f (.const:I2CMSP432_fxnTable)
                  00007790    00000018     release_pem4f.oem4f (.const:ti_sysbios_gates_GateHwi_Object__PARAMS__C)
                  000077a8    00000018     release_pem4f.oem4f (.const:ti_sysbios_gates_GateMutex_Object__PARAMS__C)
                  000077c0    00000018     release_pem4f.oem4f (.const:ti_sysbios_knl_Queue_Object__PARAMS__C)
                  000077d8    00000018     release_pem4f.oem4f (.const:ti_sysbios_knl_Task_hooks__A)
                  000077f0    00000014     ti_drivers_config.obj (.const:i2cMSP432HWAttrs)
                  00007804    00000012     release_pem4f.oem4f (.const:xdc_runtime_Startup_sfxnRts__A)
                  00007816    00000002     release_pem4f.oem4f (.const:ti_sysbios_family_arm_m3_Hwi_Module__id__C)
                  00007818    00000010     drivers_msp432p401x.aem4f : I2C.oem4f (.const:I2C_defaultParams)
                  00007828    0000000c     ti_drivers_config.obj (.const:I2C_config)
                  00007834    0000000c     drivers_msp432p401x.aem4f : I2CMSP432.oem4f (.const:bitRates)
                  00007840    0000000c     release_pem4f.oem4f (.const:xdc_runtime_Startup_firstFxns__A)
                  0000784c    00000008     release_pem4f.oem4f (.const:ti_sysbios_knl_Idle_funcList__A)
                  00007854    00000008     release_pem4f.oem4f (.const:ti_sysbios_knl_Idle_funcList__C)
                  0000785c    00000008     release_pem4f.oem4f (.const:ti_sysbios_knl_Task_hooks__C)
                  00007864    00000008     release_pem4f.oem4f (.const:xdc_runtime_Startup_firstFxns__C)
                  0000786c    00000008     release_pem4f.oem4f (.const:xdc_runtime_Startup_lastFxns__C)
                  00007874    00000004     release_pem4f.oem4f (.const:ti_sysbios_family_arm_m3_Hwi_E_alreadyDefined__C)
                  00007878    00000004     release_pem4f.oem4f (.const:ti_sysbios_family_arm_m3_Hwi_E_badIntNum__C)
                  0000787c    00000004     release_pem4f.oem4f (.const:ti_sysbios_family_arm_m3_Hwi_NUM_INTERRUPTS__C)
                  00007880    00000004     release_pem4f.oem4f (.const:ti_sysbios_family_arm_m3_Hwi_Object__count__C)
                  00007884    00000004     release_pem4f.oem4f (.const:ti_sysbios_family_arm_m3_Hwi_ccr__C)
                  00007888    00000004     release_pem4f.oem4f (.const:ti_sysbios_family_arm_m3_Hwi_excHandlerFunc__C)
                  0000788c    00000004     release_pem4f.oem4f (.const:ti_sysbios_family_arm_m3_Hwi_nullIsrFunc__C)
                  00007890    00000004     release_pem4f.oem4f (.const:ti_sysbios_family_arm_m3_Hwi_priGroup__C)
                  00007894    00000004     release_pem4f.oem4f (.const:ti_sysbios_family_arm_m3_Hwi_swiDisable__C)
                  00007898    00000004     release_pem4f.oem4f (.const:ti_sysbios_family_arm_m3_Hwi_swiRestore__C)
                  0000789c    00000004     release_pem4f.oem4f (.const:ti_sysbios_family_arm_m3_TaskSupport_stackAlignment__C)
                  000078a0    00000004     release_pem4f.oem4f (.const:ti_sysbios_family_arm_msp432_Timer_numTimerDevices__C)
                  000078a4    00000004     release_pem4f.oem4f (.const:ti_sysbios_family_arm_msp432_Timer_startupNeeded__C)
                  000078a8    00000004     release_pem4f.oem4f (.const:ti_sysbios_gates_GateMutex_Instance_State_sem__O)
                  000078ac    00000004     release_pem4f.oem4f (.const:ti_sysbios_heaps_HeapMem_E_memory__C)
                  000078b0    00000004     release_pem4f.oem4f (.const:ti_sysbios_heaps_HeapMem_Module__gateObj__C)
                  000078b4    00000004     release_pem4f.oem4f (.const:ti_sysbios_heaps_HeapMem_Object__count__C)
                  000078b8    00000004     release_pem4f.oem4f (.const:ti_sysbios_heaps_HeapMem_primaryHeapBaseAddr__C)
                  000078bc    00000004     release_pem4f.oem4f (.const:ti_sysbios_heaps_HeapMem_primaryHeapEndAddr__C)
                  000078c0    00000004     release_pem4f.oem4f (.const:ti_sysbios_heaps_HeapMem_reqAlign__C)
                  000078c4    00000004     release_pem4f.oem4f (.const:ti_sysbios_knl_Clock_Module_State_clockQ__O)
                  000078c8    00000004     release_pem4f.oem4f (.const:ti_sysbios_knl_Mailbox_Instance_State_freeQue__O)
                  000078cc    00000004     release_pem4f.oem4f (.const:ti_sysbios_knl_Mailbox_Object__count__C)
                  000078d0    00000004     release_pem4f.oem4f (.const:ti_sysbios_knl_Mailbox_maxTypeAlign__C)
                  000078d4    00000004     release_pem4f.oem4f (.const:ti_sysbios_knl_Semaphore_Instance_State_pendQ__O)
                  000078d8    00000004     release_pem4f.oem4f (.const:ti_sysbios_knl_Swi_Object__count__C)
                  000078dc    00000004     release_pem4f.oem4f (.const:ti_sysbios_knl_Task_Module_State_inactiveQ__O)
                  000078e0    00000004     release_pem4f.oem4f (.const:ti_sysbios_knl_Task_Object__count__C)
                  000078e4    00000004     release_pem4f.oem4f (.const:ti_sysbios_knl_Task_Object__heap__C)
                  000078e8    00000004     release_pem4f.oem4f (.const:ti_sysbios_knl_Task_allBlockedFunc__C)
                  000078ec    00000004     release_pem4f.oem4f (.const:ti_sysbios_knl_Task_defaultStackHeap__C)
                  000078f0    00000004     release_pem4f.oem4f (.const:ti_sysbios_knl_Task_defaultStackSize__C)
                  000078f4    00000004     release_pem4f.oem4f (.const:ti_sysbios_knl_Task_numConstructedTasks__C)
                  000078f8    00000004     release_pem4f.oem4f (.const:xdc_runtime_Error_E_memory__C)
                  000078fc    00000004     release_pem4f.oem4f (.const:xdc_runtime_Error_policyFxn__C)
                  00007900    00000004     release_pem4f.oem4f (.const:xdc_runtime_IGateProvider_Interface__BASE__C)
                  00007904    00000004     release_pem4f.oem4f (.const:xdc_runtime_IHeap_Interface__BASE__C)
                  00007908    00000004     release_pem4f.oem4f (.const:xdc_runtime_IModule_Interface__BASE__C)
                  0000790c    00000004     release_pem4f.oem4f (.const:xdc_runtime_Memory_defaultHeapInstance__C)
                  00007910    00000004     release_pem4f.oem4f (.const:xdc_runtime_Startup_execImpl__C)
                  00007914    00000004     release_pem4f.oem4f (.const:xdc_runtime_Startup_maxPasses__C)
                  00007918    00000004     release_pem4f.oem4f (.const:xdc_runtime_Startup_sfxnRts__C)
                  0000791c    00000004     release_pem4f.oem4f (.const:xdc_runtime_Startup_sfxnTab__C)
                  00007920    00000004     release_pem4f.oem4f (.const:xdc_runtime_SysCallback_abortFxn__C)
                  00007924    00000004     release_pem4f.oem4f (.const:xdc_runtime_SysCallback_exitFxn__C)
                  00007928    00000004     release_pem4f.oem4f (.const:xdc_runtime_System_Module__gateObj__C)
                  0000792c    00000004     release_pem4f.oem4f (.const:xdc_runtime_System_abortFxn__C)
                  00007930    00000004     release_pem4f.oem4f (.const:xdc_runtime_System_exitFxn__C)
                  00007934    00000004     release_pem4f.oem4f (.const:xdc_runtime_System_maxAtexitHandlers__C)
                  00007938    00000004     release_pem4f.oem4f (.const:xdc_runtime_Text_charTab__C)
                  0000793c    00000004     release_pem4f.oem4f (.const:xdc_runtime_Text_nameEmpty__C)
                  00007940    00000004     release_pem4f.oem4f (.const:xdc_runtime_Text_nameStatic__C)
                  00007944    00000004     release_pem4f.oem4f (.const:xdc_runtime_Text_nameUnknown__C)
                  00007948    00000002     release_pem4f.oem4f (.const:ti_sysbios_family_arm_msp432_init_Boot_bypassHFXT__C)
                  0000794a    00000002     release_pem4f.oem4f (.const:ti_sysbios_family_arm_msp432_init_Boot_bypassLFXT__C)
                  0000794c    00000002     release_pem4f.oem4f (.const:ti_sysbios_family_arm_msp432_init_Boot_enableHFXT__C)
                  0000794e    00000002     release_pem4f.oem4f (.const:ti_sysbios_family_arm_msp432_init_Boot_enableLFXT__C)
                  00007950    00000002     release_pem4f.oem4f (.const:ti_sysbios_heaps_HeapMem_Module__id__C)
                  00007952    00000002     release_pem4f.oem4f (.const:xdc_runtime_Memory_Module__id__C)
                  00007954    00000002     release_pem4f.oem4f (.const:xdc_runtime_Text_charCnt__C)
                  00007956    00000002     release_pem4f.oem4f (.const:xdc_runtime_Text_isLoaded__C)
                  00007958    00000001     release_pem4f.oem4f (.const:xdc_runtime_Error_policy__C)
                  00007959    00000001     release_pem4f.oem4f (.const:xdc_runtime_Text_charTab__A)

.cinit     0    00007960    00000280     
                  00007960    00000257     (.cinit..data.load) [load image, compression = lzss]
                  00007bb7    00000001     --HOLE-- [fill = 0]
                  00007bb8    0000000c     (__TI_handler_table)
                  00007bc4    00000004     --HOLE-- [fill = 0]
                  00007bc8    00000008     (.cinit..bss.load) [load image, compression = zero_init]
                  00007bd0    00000010     (__TI_cinit_table)

.init_array 
*          0    00000000    00000000     UNINITIALIZED

.data      0    20008140    000007cf     UNINITIALIZED
                  20008140    00000140     drivers_msp432p401x.aem4f : PowerMSP432.oem4f (.data:PowerMSP432_perfLevels)
                  20008280    000000f0     rtsv7M4_T_le_v4SPD16_eabi.lib : defs.c.obj (.data:_ftable)
                  20008370    00000088     sysbios.aem4f : BIOS.obj (.data:$O1$$)
                  200083f8    00000080     release_pem4f.oem4f (.data:ti_sysbios_knl_Swi_Module_State_0_readyQ__A)
                  20008478    00000080     release_pem4f.oem4f (.data:ti_sysbios_knl_Task_Module_State_0_readyQ__A)
                  200084f8    00000078     rtsv7M4_T_le_v4SPD16_eabi.lib : host_device.c.obj (.data:_device)
                  20008570    00000054     release_pem4f.oem4f (.data:ti_sysbios_gates_GateMutex_Object__table__V)
                  200085c4    00000050     rtsv7M4_T_le_v4SPD16_eabi.lib : host_device.c.obj (.data:_stream)
                  20008614    0000004c     release_pem4f.oem4f (.data:ti_sysbios_knl_Task_Object__table__V)
                  20008660    00000044     release_pem4f.oem4f (.data:ti_sysbios_family_arm_msp432_Timer_Object__table__V)
                  200086a4    00000044     release_pem4f.oem4f (.data:ti_sysbios_knl_Task_Module__state__V)
                  200086e8    00000034     release_pem4f.oem4f (.data:ti_sysbios_family_arm_m3_Hwi_Module__state__V)
                  2000871c    00000030     release_pem4f.oem4f (.data:ti_sysbios_knl_Swi_Object__table__V)
                  2000874c    0000002c     drivers_msp432p401x.aem4f : PowerMSP432.oem4f (.data:PowerMSP432_module)
                  20008778    0000002c     release_pem4f.oem4f (.data:ti_sysbios_knl_Clock_Module__state__V)
                  200087a4    00000024     release_pem4f.oem4f (.data:ti_sysbios_BIOS_Module__state__V)
                  200087c8    00000020     release_pem4f.oem4f (.data:ti_sysbios_family_arm_msp432_Timer_Module_State_0_device__A)
                  200087e8    00000020     release_pem4f.oem4f (.data:xdc_runtime_Error_IgnoreBlock)
                  20008808    0000001c     release_pem4f.oem4f (.data:ti_sysbios_knl_Swi_Module__state__V)
                  20008824    00000018     release_pem4f.oem4f (.data:ti_sysbios_family_arm_m3_Hwi_Object__table__V)
                  2000883c    00000018     release_pem4f.oem4f (.data:ti_sysbios_heaps_HeapMem_Object__table__V)
                  20008854    00000010     rtsv7M4_T_le_v4SPD16_eabi.lib : defs.c.obj (.data)
                  20008864    00000010     release_pem4f.oem4f (.data:ti_sysbios_family_arm_msp432_Timer_Module_State_0_handles__A)
                  20008874    0000000c     rtsv7M4_T_le_v4SPD16_eabi.lib : exit.c.obj (.data:$O1$$)
                  20008880    0000000c     release_pem4f.oem4f (.data:ti_sysbios_family_arm_msp432_ClockFreqs_Module__state__V)
                  2000888c    0000000c     release_pem4f.oem4f (.data:ti_sysbios_family_arm_msp432_Timer_Module__state__V)
                  20008898    00000008     rtsv7M4_T_le_v4SPD16_eabi.lib : _lock.c.obj (.data:$O1$$)
                  200088a0    00000008     release_pem4f.oem4f (.data:ti_sysbios_family_arm_m3_Hwi_Module__root__V)
                  200088a8    00000008     release_pem4f.oem4f (.data:ti_sysbios_gates_GateHwi_Module__root__V)
                  200088b0    00000008     release_pem4f.oem4f (.data:ti_sysbios_gates_GateMutex_Module__root__V)
                  200088b8    00000008     release_pem4f.oem4f (.data:ti_sysbios_heaps_HeapMem_Module__root__V)
                  200088c0    00000008     release_pem4f.oem4f (.data:ti_sysbios_knl_Queue_Module__root__V)
                  200088c8    00000008     release_pem4f.oem4f (.data:ti_sysbios_knl_Semaphore_Module__root__V)
                  200088d0    00000008     release_pem4f.oem4f (.data:ti_sysbios_knl_Task_Module__root__V)
                  200088d8    00000008     release_pem4f.oem4f (.data:xdc_runtime_Startup_Module__state__V)
                  200088e0    00000008     release_pem4f.oem4f (.data:xdc_runtime_System_Module_State_0_atexitHandlers__A)
                  200088e8    00000008     release_pem4f.oem4f (.data:xdc_runtime_System_Module__state__V)
                  200088f0    00000004     rtsv7M4_T_le_v4SPD16_eabi.lib : stkdepth_vars.c.obj (.data)
                  200088f4    00000004     release_pem4f.oem4f (.data:ti_sysbios_family_arm_m3_Hwi_Module_State_0_excContext__A)
                  200088f8    00000004     release_pem4f.oem4f (.data:ti_sysbios_family_arm_m3_Hwi_Module_State_0_excStack__A)
                  200088fc    00000004     release_pem4f.oem4f (.data:ti_sysbios_gates_GateHwi_Object__table__V)
                  20008900    00000004     release_pem4f.oem4f (.data:ti_sysbios_knl_Task_Module_State_0_idleTask__A)
                  20008904    00000004     release_pem4f.oem4f (.data:ti_sysbios_rts_ti_ReentSupport_Module__state__V)
                  20008908    00000004     release_pem4f.oem4f (.data:xdc_runtime_Memory_Module__state__V)
                  2000890c    00000002     release_pem4f.oem4f (.data:ti_sysbios_family_arm_m3_Hwi_Module_State_0_excActive__A)
                  2000890e    00000001     drivers_msp432p401x.aem4f : I2C.oem4f (.data)

.bss       0    20008910    000005bc     UNINITIALIZED
                  20008910    00000200     release_pem4f.oem4f (.bss:taskStackSection)
                  20008b10    00000140     (.common:ti_sysbios_family_arm_m3_Hwi_dispatchTable)
                  20008c50    00000120     rtsv7M4_T_le_v4SPD16_eabi.lib : trgmsg.c.obj (.bss:_CIOBUF_)
                  20008d70    000000a0     (.common:__TI_tmpnams)
                  20008e10    00000050     (.common:i2cMSP432Objects)
                  20008e60    0000001c     (.common:i2cTransaction)
                  20008e7c    00000014     (.common:rxBuffer)
                  20008e90    00000010     (.common:i2cParams)
                  20008ea0    0000000c     (.common:txBuffer)
                  20008eac    00000008     i2cmasterexample1.obj (.bss:axes$1)
                  20008eb4    00000008     msp432p4xx_driverlib.lib : cs.o (.bss)
                  20008ebc    00000008     (.common:parmbuf)
                  20008ec4    00000004     (.common:i2c)
                  20008ec8    00000004     (.common:ti_sysbios_knl_Task_Instance_State_0_hookEnv__A)

.priheap   0    20000140    00008000     UNINITIALIZED
                  20000140    00008000     --HOLE--

.stack     0    2000fc00    00000400     UNINITIALIZED
                  2000fc00    00000400     --HOLE--

.bootVecs 
*          0    00000000    00000008     DSECT
                  00000000    00000008     boot.aem4f : boot.oem4f (.bootVecs)

.resetVecs 
*          0    00000000    0000003c     
                  00000000    0000003c     release_pem4f.oem4f (.resetVecs)

.vecs      0    20000000    00000140     NOLOAD SECTION
                  20000000    00000140     release_pem4f.oem4f (.vecs)

xdc.meta   0    00000000    00000101     COPY SECTION
                  00000000    00000101     release_pem4f.oem4f (xdc.meta)

xdc.noload 
*          0    00000000    00000000     COPY SECTION

.binit     0    00000000    00000000     

MODULE SUMMARY

       Module                       code    ro data   rw data
       ------                       ----    -------   -------
    .\
       i2cmasterexample1.obj        996     0         176    
       main_tirtos.obj              100     0         0      
    +--+----------------------------+-------+---------+---------+
       Total:                       1096    0         176    
                                                             
    .\syscfg\
       ti_drivers_config.obj        14      91        160    
    +--+----------------------------+-------+---------+---------+
       Total:                       14      91        160    
                                                             
    C:\Users\Amirulamin\2104project\tirtos_builds_MSP_EXP432P401R_release_ccs\Debug\configPkg\package\cfg\
       release_pem4f.oem4f          1466    1082      4348   
    +--+----------------------------+-------+---------+---------+
       Total:                       1466    1082      4348   
                                                             
    C:/ti/simplelink_msp432p4_sdk_3_30_00_13/kernel/tirtos/packages/ti/dpl/lib/dpl_msp432p401x.aem4f
       PowerMSP432_tirtos.oem4f     122     0         0      
       SemaphoreP_tirtos.oem4f      102     0         0      
       HwiP_tirtos.oem4f            96      0         0      
    +--+----------------------------+-------+---------+---------+
       Total:                       320     0         0      
                                                             
    C:/ti/simplelink_msp432p4_sdk_3_30_00_13/source/ti/devices/msp432p4xx/driverlib/ccs/msp432p4xx_driverlib.lib
       pcm.o                        1770    0         0      
       cs.o                         704     0         16     
       i2c.o                        108     0         0      
       sysctl_a.o                   64      0         0      
       rtc_c.o                      44      0         0      
       wdt_a.o                      36      0         0      
       cpu.o                        28      0         0      
       sysctl.o                     16      0         0      
    +--+----------------------------+-------+---------+---------+
       Total:                       2770    0         16     
                                                             
    C:/ti/simplelink_msp432p4_sdk_3_30_00_13/source/ti/drivers/lib/drivers_msp432p401x.aem4f
       PowerMSP432.oem4f            2196    0         728    
       I2CMSP432.oem4f              2028    36        0      
       I2C.oem4f                    172     16        2      
       List.oem4f                   76      0         0      
    +--+----------------------------+-------+---------+---------+
       Total:                       4472    52        730    
                                                             
    C:\Users\Amirulamin\2104project\tirtos_builds_MSP_EXP432P401R_release_ccs\src\sysbios\sysbios.aem4f
       BIOS.obj                     8198    0         272    
       m3_Hwi_asm.obj               318     0         0      
       m3_TaskSupport_asm.obj       180     0         0      
       m3_Hwi_asm_switch.obj        118     0         0      
    +--+----------------------------+-------+---------+---------+
       Total:                       8814    0         272    
                                                             
    C:\ti\ccs910\ccs\tools\compiler\ti-cgt-arm_18.12.3.LTS\lib\rtsv7M4_T_le_v4SPD16_eabi.lib
       _printfi.c.obj               4851    0         0      
       defs.c.obj                   0       0         832    
       trgmsg.c.obj                 108     0         576    
       fd_add_t2.asm.obj            438     0         0      
       host_device.c.obj            0       0         400    
       fd_div_t2.asm.obj            310     0         0      
       fputs.c.obj                  276     0         0      
       s_scalbn.c.obj               272     0         0      
       fd_cmp_t2.asm.obj            268     0         0      
       ctype.c.obj                  0       257       0      
       fd_mul_t2.asm.obj            252     0         0      
       setvbuf.c.obj                220     0         0      
       memcpy_t2.asm.obj            156     0         0      
       ull_div_t2.asm.obj           150     0         0      
       fputc.c.obj                  140     0         0      
       memset_t2.asm.obj            122     0         0      
       fclose.c.obj                 116     0         0      
       getdevice.c.obj              116     0         0      
       hostopen.c.obj               96      0         16     
       printf.c.obj                 112     0         0      
       fd_tos_t2.asm.obj            110     0         0      
       hostrename.c.obj             108     0         0      
       copy_decompress_lzss.c.obj   104     0         0      
       hostlseek.c.obj              104     0         0      
       fseek.c.obj                  100     0         0      
       s_frexp.c.obj                100     0         0      
       _io_perm.c.obj               98      0         0      
       close.c.obj                  92      0         0      
       hostread.c.obj               88      0         0      
       hostwrite.c.obj              88      0         0      
       ltoa.c.obj                   84      0         0      
       atoi.c.obj                   76      0         0      
       cpy_tbl.c.obj                76      0         0      
       fflush.c.obj                 76      0         0      
       fd_toi_t2.asm.obj            72      0         0      
       hostclose.c.obj              68      0         0      
       hostunlink.c.obj             68      0         0      
       fs_tod_t2.asm.obj            56      0         0      
       strncpy.c.obj                54      0         0      
       fopen.c.obj                  52      0         0      
       i_tofd_t2.asm.obj            46      0         0      
       unlink.c.obj                 44      0         0      
       _lock.c.obj                  26      0         16     
       lseek.c.obj                  40      0         0      
       write.c.obj                  40      0         0      
       memchr.c.obj                 32      0         0      
       memccpy.c.obj                28      0         0      
       s_copysign.c.obj             26      0         0      
       args_main.c.obj              24      0         0      
       exit.c.obj                   0       0         24     
       strcmp.c.obj                 24      0         0      
       strchr.c.obj                 22      0         0      
       strcpy.c.obj                 20      0         0      
       strlen.c.obj                 20      0         0      
       wcslen.c.obj                 18      0         0      
       copy_decompress_none.c.obj   14      0         0      
       copy_zero_init.c.obj         12      0         0      
       stkdepth_vars.c.obj          0       0         8      
       div0.asm.obj                 2       0         0      
    +--+----------------------------+-------+---------+---------+
       Total:                       10115   257       1872   
                                                             
    C:\ti\simplelink_msp432p4_sdk_3_30_00_13\kernel\tirtos\packages\ti\targets\arm\rtsarm\lib\auto_init.aem4f
       auto_init.oem4f              160     0         0      
    +--+----------------------------+-------+---------+---------+
       Total:                       160     0         0      
                                                             
    C:\ti\simplelink_msp432p4_sdk_3_30_00_13\kernel\tirtos\packages\ti\targets\arm\rtsarm\lib\boot.aem4f
       boot.oem4f                   88      0         0      
    +--+----------------------------+-------+---------+---------+
       Total:                       88      0         0      
                                                             
       Stack:                       0       0         2048   
       Linker Generated:            0       635       0      
    +--+----------------------------+-------+---------+---------+
       Grand Total:                 29315   2117      9622   


LINKER GENERATED COPY TABLES

__TI_cinit_table @ 00007bd0 records: 2, size/record: 8, table size: 16
	.data: load addr=00007960, load size=00000257 bytes, run addr=20008140, run size=000007cf bytes, compression=lzss
	.bss: load addr=00007bc8, load size=00000008 bytes, run addr=20008910, run size=000005bc bytes, compression=zero_init


LINKER GENERATED HANDLER TABLE

__TI_handler_table @ 00007bb8 records: 3, size/record: 4, table size: 12
	index: 0, handler: __TI_decompress_lzss
	index: 1, handler: __TI_decompress_none
	index: 2, handler: __TI_zero_init


GLOBAL SYMBOLS: SORTED ALPHABETICALLY BY Name 

address   name                                                            
-------   ----                                                            
000071af  Board_init                                                      
00000a8f  Board_initHook                                                  
00005fe3  C$$IO$$                                                         
000071bb  CPU_cpsid                                                       
000071c7  CPU_cpsie                                                       
0000267d  CPU_wfi                                                         
000069dd  CS_setExternalClockSourceFrequency                              
00002f61  CS_startHFXTWithTimeout                                         
0000312d  CS_startLFXTWithTimeout                                         
000074cd  Display_count                                                   
00008000  HEAPSIZE                                                        
00005ad9  HOSTclose                                                       
0000489d  HOSTlseek                                                       
00004d71  HOSTopen                                                        
00005121  HOSTread                                                        
000046ed  HOSTrename                                                      
00005b1d  HOSTunlink                                                      
00005179  HOSTwrite                                                       
00006fef  HwiP_Params_init                                                
00005cbd  HwiP_create                                                     
000071d3  HwiP_delete                                                     
00002995  HwiP_disable                                                    
00007349  HwiP_restore                                                    
00003603  I2CMSP432_cancel                                                
000044b5  I2CMSP432_close                                                 
00003b13  I2CMSP432_control                                               
00007778  I2CMSP432_fxnTable                                              
00001a8b  I2CMSP432_hwiIntFxn                                             
00001013  I2CMSP432_init                                                  
0000150d  I2CMSP432_open                                                  
00002c91  I2CMSP432_transfer                                              
00007001  I2C_Params_init                                                 
00007828  I2C_config                                                      
000074ce  I2C_count                                                       
00007818  I2C_defaultParams                                               
00005b61  I2C_init                                                        
00004759  I2C_masterSendMultiByteFinish                                   
00005cfd  I2C_open                                                        
00006cf5  I2C_transfer                                                    
000067d1  List_put                                                        
000067f7  List_remove                                                     
00006641  MPUget1Axis                                                     
000047c5  MPUget3Axis                                                     
000072ed  MPUgetAccel                                                     
000072f7  MPUgetGyro                                                      
00006b5d  MPUgetRegister                                                  
00005d3d  MPUgetTemp                                                      
00006c8d  MPUsetRegister                                                  
00004e91  PCM_getCoreVoltageLevel                                         
000050c5  PCM_getPowerMode                                                
00006ec1  PCM_getPowerState                                               
00006669  PCM_gotoLPM0                                                    
000040a9  PCM_gotoLPM3                                                    
00007011  PCM_gotoLPM4                                                    
00007021  PCM_setPowerMode                                                
00007031  PCM_setPowerState                                               
0000532d  PCM_shutdownDevice                                              
00007554  PowerMSP432_config                                              
00004905  PowerMSP432_getFreqs                                            
00007041  PowerMSP432_getNumPerfLevels                                    
00001c0f  PowerMSP432_initPolicy                                          
2000874c  PowerMSP432_module                                              
20008140  PowerMSP432_perfLevels                                          
00005619  PowerMSP432_sleepPolicy                                         
00006505  PowerMSP432_updateFreqs                                         
000071e1  Power_getConstraintMask                                         
000071ed  Power_getPerformanceLevel                                       
00006ed5  Power_idleFunc                                                  
00003945  Power_init                                                      
00006691  Power_registerNotify                                            
00005925  Power_releaseConstraint                                         
00005f7d  Power_setConstraint                                             
00000a91  Power_sleep                                                     
000069fd  Power_unregisterNotify                                          
00006531  RTC_C_holdClock                                                 
UNDEFED   SHT$$INIT_ARRAY$$Base                                           
UNDEFED   SHT$$INIT_ARRAY$$Limit                                          
00007315  SemaphoreP_Params_init                                          
00005e81  SemaphoreP_create                                               
000071f9  SemaphoreP_delete                                               
00006f75  SemaphoreP_pend                                                 
[...]
00007061  SysCtl_getNMISourceStatus                                       
00007071  ti_sysbios_BIOS_exit__E                                         
00007081  ti_sysbios_BIOS_setCpuFreq__E                                   
00007091  ti_sysbios_BIOS_setThreadType__E                                
000070a1  ti_sysbios_BIOS_start__E                                        
000070b1  ti_sysbios_family_arm_m3_TaskSupport_glue                       
000070c1  ti_sysbios_family_arm_msp432_init_Boot_disableWatchdog          
000070d1  ti_sysbios_gates_GateMutex_Instance_finalize__E                 
000070e1  ti_sysbios_knl_Mailbox_Object__get__S                           
000070f1  ti_sysbios_knl_Semaphore_Instance_finalize__E                   
00007101  ti_sysbios_knl_Swi_disable__E                                   
00007111  ti_sysbios_knl_Task_Object__get__S                              
00007121  ti_sysbios_knl_Task_disable__E                                  
00007131  xdc_runtime_Gate_leaveSystem__E                                 
00007141  xdc_runtime_Memory_free__E                                      
00007151  xdc_runtime_SysCallback_abort__E                                
00007151  xdc_runtime_System_SupportProxy_abort__E                        
00007161  xdc_runtime_SysCallback_exit__E                                 
00007161  xdc_runtime_System_SupportProxy_exit__E                         
00007171  __TI_decompress_none                                            
00007181  pthread_attr_setdetachstate                                     
00007191  ti_sysbios_knl_Idle_loop__E                                     
000071a1  ti_sysbios_knl_Queue_empty__E                                   
000071af  Board_init                                                      
000071bb  CPU_cpsid                                                       
000071c7  CPU_cpsie                                                       
000071d3  HwiP_delete                                                     
000071e1  Power_getConstraintMask                                         
000071ed  Power_getPerformanceLevel                                       
000071f9  SemaphoreP_delete                                               
00007205  _register_lock                                                  
00007211  _register_unlock                                                
0000721d  __TI_zero_init                                                  
00007229  pthread_self                                                    
00007235  ti_sysbios_family_arm_m3_Hwi_Params__init__S                    
00007235  ti_sysbios_hal_Hwi_HwiProxy_Params__init__S                     
00007241  ti_sysbios_family_arm_m3_Hwi_disableFxn__E                      
00007241  ti_sysbios_hal_Hwi_HwiProxy_disable__E                          
00007251  ti_sysbios_family_arm_m3_TaskSupport_getStackAlignment__E       
00007251  ti_sysbios_knl_Task_SupportProxy_getStackAlignment__E           
00007261  ti_sysbios_family_arm_msp432_Timer_getMaxTicks__E               
00007271  ti_sysbios_gates_GateHwi_enter__E                               
0000727d  ti_sysbios_knl_Queue_Object__get__S                             
00007289  ti_sysbios_knl_Semaphore_Params__init__S                        
00007295  ti_sysbios_knl_Task_Params__init__S                             
000072a1  ti_sysbios_knl_Task_self__E                                     
000072b1  ti_sysbios_rts_ti_ReentSupport_taskRegHook__I                   
000072c1  xdc_runtime_Gate_enterSystem__E                                 
000072d1  xdc_runtime_Memory_calloc__E                                    
000072e1  xdc_runtime_Startup_rtsDone__E                                  
000072ed  MPUgetAccel                                                     
000072f7  MPUgetGyro                                                      
00007301  xdc_runtime_Memory_HeapProxy_alloc__E                           
0000730b  xdc_runtime_Memory_HeapProxy_free__E                            
00007315  SemaphoreP_Params_init                                          
00007329  pthread_attr_setstacksize                                       
00007331  ti_sysbios_family_arm_m3_Hwi_doSwiRestore__I                    
00007339  ti_sysbios_family_arm_m3_Hwi_startup__E                         
00007339  ti_sysbios_hal_Hwi_HwiProxy_startup__E                          
00007339  ti_sysbios_hal_Hwi_startup__E                                   
00007341  ti_sysbios_family_arm_m3_Hwi_doTaskRestore__I                   
00007349  HwiP_restore                                                    
00007349  ti_sysbios_family_arm_m3_Hwi_restoreFxn__E                      
00007349  ti_sysbios_hal_Hwi_HwiProxy_restore__E                          
00007351  ti_sysbios_gates_GateHwi_leave__E                               
00007359  ti_sysbios_heaps_HeapMem_isBlocking__E                          
00007361  ti_sysbios_knl_Queue_Instance_init__E                           
00007369  ti_sysbios_knl_Swi_startup__E                                   
00007371  xdc_runtime_System_Module_startup__E                            
00007379  __aeabi_errno_addr                                              
00007381  ti_sysbios_gates_GateHwi_query__E                               
00007381  xdc_runtime_Main_Module_GateProxy_query__E                      
00007381  xdc_runtime_System_Module_GateProxy_query__E                    
00007389  ti_sysbios_BIOS_RtsGateProxy_query__E                           
00007389  ti_sysbios_gates_GateMutex_query__E                             
00007389  ti_sysbios_heaps_HeapMem_Module_GateProxy_query__E              
00007391  ti_sysbios_knl_Task_startup__E                                  
00007399  ti_sysbios_BIOS_linkedWithIncorrectBootLibrary__E               
000073a1  ti_sysbios_gates_GateHwi_Instance_init__E                       
000073a9  ti_sysbios_knl_Clock_logTick__E                                 
000073b1  xdc_runtime_SysCallback_defaultAbort                            
000073b9  xdc_runtime_SysCallback_defaultExit                             
000073c1  xdc_runtime_System_abortSpin__E                                 
000073c9  xdc_runtime_System_exitSpin__E                                  
000073cc  _ctypes_                                                        
000074cd  Display_count                                                   
000074ce  I2C_count                                                       
000074cf  UART_count                                                      
00007518  ti_sysbios_knl_Task_Object__PARAMS__C                           
00007554  PowerMSP432_config                                              
0000758c  ti_sysbios_family_arm_m3_Hwi_Object__PARAMS__C                  
000075bc  ti_sysbios_heaps_HeapMem_Module__FXNS__C                        
000075e4  ti_sysbios_gates_GateHwi_Module__FXNS__C                        
00007608  ti_sysbios_gates_GateMutex_Module__FXNS__C                      
0000762c  ti_sysbios_heaps_HeapMem_Object__PARAMS__C                      
00007650  ti_sysbios_knl_Semaphore_Object__PARAMS__C                      
00007674  xdc_runtime_Startup_sfxnTab__A                                  
00007698  ti_sysbios_family_arm_m3_Hwi_Object__DESC__C                    
000076b8  ti_sysbios_gates_GateHwi_Object__DESC__C                        
000076d8  ti_sysbios_gates_GateMutex_Object__DESC__C                      
000076f8  ti_sysbios_heaps_HeapMem_Object__DESC__C                        
00007718  ti_sysbios_knl_Queue_Object__DESC__C                            
00007738  ti_sysbios_knl_Semaphore_Object__DESC__C                        
00007758  ti_sysbios_knl_Task_Object__DESC__C                             
00007778  I2CMSP432_fxnTable                                              
00007790  ti_sysbios_gates_GateHwi_Object__PARAMS__C                      
000077a8  ti_sysbios_gates_GateMutex_Object__PARAMS__C                    
000077c0  ti_sysbios_knl_Queue_Object__PARAMS__C                          
000077d8  ti_sysbios_knl_Task_hooks__A                                    
000077f0  i2cMSP432HWAttrs                                                
00007804  xdc_runtime_Startup_sfxnRts__A                                  
00007816  ti_sysbios_family_arm_m3_Hwi_Module__id__C                      
00007818  I2C_defaultParams                                               
00007828  I2C_config                                                      
00007840  xdc_runtime_Startup_firstFxns__A                                
0000784c  ti_sysbios_knl_Idle_funcList__A                                 
00007854  ti_sysbios_knl_Idle_funcList__C                                 
0000785c  ti_sysbios_knl_Task_hooks__C                                    
00007864  xdc_runtime_Startup_firstFxns__C                                
0000786c  xdc_runtime_Startup_lastFxns__C                                 
00007874  ti_sysbios_family_arm_m3_Hwi_E_alreadyDefined__C                
00007878  ti_sysbios_family_arm_m3_Hwi_E_badIntNum__C                     
0000787c  ti_sysbios_family_arm_m3_Hwi_NUM_INTERRUPTS__C                  
00007880  ti_sysbios_family_arm_m3_Hwi_Object__count__C                   
00007884  ti_sysbios_family_arm_m3_Hwi_ccr__C                             
00007888  ti_sysbios_family_arm_m3_Hwi_excHandlerFunc__C                  
0000788c  ti_sysbios_family_arm_m3_Hwi_nullIsrFunc__C                     
00007890  ti_sysbios_family_arm_m3_Hwi_priGroup__C                        
00007894  ti_sysbios_family_arm_m3_Hwi_swiDisable__C                      
00007898  ti_sysbios_family_arm_m3_Hwi_swiRestore__C                      
0000789c  ti_sysbios_family_arm_m3_TaskSupport_stackAlignment__C          
000078a0  ti_sysbios_family_arm_msp432_Timer_numTimerDevices__C           
000078a4  ti_sysbios_family_arm_msp432_Timer_startupNeeded__C             
000078a8  ti_sysbios_gates_GateMutex_Instance_State_sem__O                
000078ac  ti_sysbios_heaps_HeapMem_E_memory__C                            
000078b0  ti_sysbios_heaps_HeapMem_Module__gateObj__C                     
000078b4  ti_sysbios_heaps_HeapMem_Object__count__C                       
000078b8  ti_sysbios_heaps_HeapMem_primaryHeapBaseAddr__C                 
000078bc  ti_sysbios_heaps_HeapMem_primaryHeapEndAddr__C                  
000078c0  ti_sysbios_heaps_HeapMem_reqAlign__C                            
000078c4  ti_sysbios_knl_Clock_Module_State_clockQ__O                     
000078c8  ti_sysbios_knl_Mailbox_Instance_State_freeQue__O                
000078cc  ti_sysbios_knl_Mailbox_Object__count__C                         
000078d0  ti_sysbios_knl_Mailbox_maxTypeAlign__C                          
000078d4  ti_sysbios_knl_Semaphore_Instance_State_pendQ__O                
000078d8  ti_sysbios_knl_Swi_Object__count__C                             
000078dc  ti_sysbios_knl_Task_Module_State_inactiveQ__O                   
000078e0  ti_sysbios_knl_Task_Object__count__C                            
000078e4  ti_sysbios_knl_Task_Object__heap__C                             
000078e8  ti_sysbios_knl_Task_allBlockedFunc__C                           
000078ec  ti_sysbios_knl_Task_defaultStackHeap__C                         
000078f0  ti_sysbios_knl_Task_defaultStackSize__C                         
000078f4  ti_sysbios_knl_Task_numConstructedTasks__C                      
000078f8  xdc_runtime_Error_E_memory__C                                   
000078fc  xdc_runtime_Error_policyFxn__C                                  
00007900  xdc_runtime_IGateProvider_Interface__BASE__C                    
00007904  xdc_runtime_IHeap_Interface__BASE__C                            
00007908  xdc_runtime_IModule_Interface__BASE__C                          
0000790c  xdc_runtime_Memory_defaultHeapInstance__C                       
00007910  xdc_runtime_Startup_execImpl__C                                 
00007914  xdc_runtime_Startup_maxPasses__C                                
00007918  xdc_runtime_Startup_sfxnRts__C                                  
0000791c  xdc_runtime_Startup_sfxnTab__C                                  
00007920  xdc_runtime_SysCallback_abortFxn__C                             
00007924  xdc_runtime_SysCallback_exitFxn__C                              
00007928  xdc_runtime_System_Module__gateObj__C                           
0000792c  xdc_runtime_System_abortFxn__C                                  
00007930  xdc_runtime_System_exitFxn__C                                   
00007934  xdc_runtime_System_maxAtexitHandlers__C                         
00007938  xdc_runtime_Text_charTab__C                                     
0000793c  xdc_runtime_Text_nameEmpty__C                                   
00007940  xdc_runtime_Text_nameStatic__C                                  
00007944  xdc_runtime_Text_nameUnknown__C                                 
00007948  ti_sysbios_family_arm_msp432_init_Boot_bypassHFXT__C            
0000794a  ti_sysbios_family_arm_msp432_init_Boot_bypassLFXT__C            
0000794c  ti_sysbios_family_arm_msp432_init_Boot_enableHFXT__C            
0000794e  ti_sysbios_family_arm_msp432_init_Boot_enableLFXT__C            
00007950  ti_sysbios_heaps_HeapMem_Module__id__C                          
00007952  xdc_runtime_Memory_Module__id__C                                
00007954  xdc_runtime_Text_charCnt__C                                     
00007956  xdc_runtime_Text_isLoaded__C                                    
00007958  xdc_runtime_Error_policy__C                                     
00007959  xdc_runtime_Text_charTab__A                                     
00007960  __TI_static_base__                                              
00007bb8  __TI_Handler_Table_Base                                         
00007bc4  __TI_Handler_Table_Limit                                        
00007bd0  __TI_CINIT_Base                                                 
00007be0  __TI_CINIT_Limit                                                
00008000  HEAPSIZE                                                        
20000000  ti_sysbios_family_arm_m3_Hwi_ramVectors                         
20000140  __primary_heap_start__                                          
20008140  PowerMSP432_perfLevels                                          
20008140  __primary_heap_end__                                            
20008280  _ftable                                                         
200083f8  ti_sysbios_knl_Swi_Module_State_0_readyQ__A                     
20008478  ti_sysbios_knl_Task_Module_State_0_readyQ__A                    
200084f8  _device                                                         
20008570  ti_sysbios_gates_GateMutex_Object__table__V                     
200085c4  _stream                                                         
20008614  ti_sysbios_knl_Task_Object__table__V                            
20008660  ti_sysbios_family_arm_msp432_Timer_Object__table__V             
200086a4  ti_sysbios_knl_Task_Module__state__V                            
200086e8  ti_sysbios_family_arm_m3_Hwi_Module__state__V                   
2000871c  ti_sysbios_knl_Swi_Object__table__V                             
2000874c  PowerMSP432_module                                              
20008778  ti_sysbios_knl_Clock_Module__state__V                           
200087a4  ti_sysbios_BIOS_Module__state__V                                
200087c8  ti_sysbios_family_arm_msp432_Timer_Module_State_0_device__A     
200087e8  xdc_runtime_Error_IgnoreBlock                                   
20008808  ti_sysbios_knl_Swi_Module__state__V                             
20008824  ti_sysbios_family_arm_m3_Hwi_Object__table__V                   
2000883c  ti_sysbios_heaps_HeapMem_Object__table__V                       
20008854  __TI_ft_end                                                     
20008858  __aeabi_stdin                                                   
2000885c  __aeabi_stdout                                                  
20008860  __aeabi_stderr                                                  
20008864  ti_sysbios_family_arm_msp432_Timer_Module_State_0_handles__A    
20008874  __TI_cleanup_ptr                                                
20008878  __TI_dtors_ptr                                                  
2000887c  __TI_enable_exit_profile_output                                 
20008880  ti_sysbios_family_arm_msp432_ClockFreqs_Module__state__V        
2000888c  ti_sysbios_family_arm_msp432_Timer_Module__state__V             
20008898  _lock                                                           
2000889c  _unlock                                                         
200088a0  ti_sysbios_family_arm_m3_Hwi_Module__root__V                    
200088a8  ti_sysbios_gates_GateHwi_Module__root__V                        
200088b0  ti_sysbios_gates_GateMutex_Module__root__V                      
200088b8  ti_sysbios_heaps_HeapMem_Module__root__V                        
200088c0  ti_sysbios_knl_Queue_Module__root__V                            
200088c8  ti_sysbios_knl_Semaphore_Module__root__V                        
200088d0  ti_sysbios_knl_Task_Module__root__V                             
200088d8  xdc_runtime_Startup_Module__state__V                            
200088e0  xdc_runtime_System_Module_State_0_atexitHandlers__A             
200088e8  xdc_runtime_System_Module__state__V                             
200088f0  main_func_sp                                                    
200088f4  ti_sysbios_family_arm_m3_Hwi_Module_State_0_excContext__A       
200088f8  ti_sysbios_family_arm_m3_Hwi_Module_State_0_excStack__A         
200088fc  ti_sysbios_gates_GateHwi_Object__table__V                       
20008900  ti_sysbios_knl_Task_Module_State_0_idleTask__A                  
20008904  ti_sysbios_rts_ti_ReentSupport_Module__state__V                 
20008908  xdc_runtime_Memory_Module__state__V                             
2000890c  ti_sysbios_family_arm_m3_Hwi_Module_State_0_excActive__A        
20008910  ti_sysbios_knl_Task_Instance_State_0_stack__A                   
20008b10  ti_sysbios_family_arm_m3_Hwi_dispatchTable                      
20008c50  __CIOBUF_                                                       
20008d70  __TI_tmpnams                                                    
20008e10  i2cMSP432Objects                                                
20008e60  i2cTransaction                                                  
20008e7c  rxBuffer                                                        
20008e90  i2cParams                                                       
20008ea0  txBuffer                                                        
20008ebc  parmbuf                                                         
20008ec4  i2c                                                             
20008ec8  ti_sysbios_knl_Task_Instance_State_0_hookEnv__A                 
2000fc00  __stack                                                         
20010000  __STACK_END                                                     
4000480c  WDTCTL_SYM                                                      
e000e000  ti_sysbios_family_arm_m3_Hwi_nvic                               
ffffffff  __TI_pprof_out_hndl                                             
ffffffff  __TI_prof_data_size                                             
ffffffff  __TI_prof_data_start                                            
ffffffff  __binit__                                                       
ffffffff  __c_args__                                                      
ffffffff  binit                                                           
UNDEFED   SHT$$INIT_ARRAY$$Base                                           
UNDEFED   SHT$$INIT_ARRAY$$Limit                                          

[586 symbols]
